Archive member included because of file (symbol)

d:/aplicaciones/atmel/avr tools/avr toolchain/bin/../lib/gcc/avr/4.5.1/avr5\libgcc.a(_exit.o)
                              d:/aplicaciones/atmel/avr tools/avr toolchain/bin/../lib/gcc/avr/4.5.1/../../../../avr/lib/avr5/crtm328p.o (exit)
d:/aplicaciones/atmel/avr tools/avr toolchain/bin/../lib/gcc/avr/4.5.1/avr5\libgcc.a(_copy_data.o)
                              Perif/sensors.o (__do_copy_data)
d:/aplicaciones/atmel/avr tools/avr toolchain/bin/../lib/gcc/avr/4.5.1/avr5\libgcc.a(_clear_bss.o)
                              main.o (__do_clear_bss)

Allocating common symbols
Common symbol       size              file

DATA_CO             0x2               main.o
DATA_MP             0x4               main.o
key                 0x1               main.o

Discarded input sections

 .data          0x00000000        0x0 d:/aplicaciones/atmel/avr tools/avr toolchain/bin/../lib/gcc/avr/4.5.1/../../../../avr/lib/avr5/crtm328p.o
 .bss           0x00000000        0x0 d:/aplicaciones/atmel/avr tools/avr toolchain/bin/../lib/gcc/avr/4.5.1/../../../../avr/lib/avr5/crtm328p.o
 .text          0x00000000        0x0 main.o
 .data          0x00000000        0x0 main.o
 .bss           0x00000000        0x0 main.o
 .text          0x00000000        0x0 Perif/config.o
 .data          0x00000000        0x0 Perif/config.o
 .bss           0x00000000        0x0 Perif/config.o
 .text          0x00000000        0x0 Perif/sensors.o
 .data          0x00000000        0x0 Perif/sensors.o
 .bss           0x00000000        0x0 Perif/sensors.o
 .text.CO2getData
                0x00000000       0xa2 Perif/sensors.o
 .rodata.C.0.2091
                0x00000000        0x9 Perif/sensors.o
 .text          0x00000000        0x0 Perif/UART_sw.o
 .data          0x00000000        0x0 Perif/UART_sw.o
 .bss           0x00000000        0x0 Perif/UART_sw.o
 .text.receiveUart0
                0x00000000       0x28 Perif/UART_sw.o
 .text.sendString0
                0x00000000       0x1e Perif/UART_sw.o
 .text.receiveUart1
                0x00000000       0x28 Perif/UART_sw.o
 .text.sendByte1
                0x00000000       0x42 Perif/UART_sw.o
 .text.sendString1
                0x00000000       0x1e Perif/UART_sw.o
 .text.sendString2
                0x00000000       0x1e Perif/UART_sw.o
 .text          0x00000000        0x0 d:/aplicaciones/atmel/avr tools/avr toolchain/bin/../lib/gcc/avr/4.5.1/avr5\libgcc.a(_exit.o)
 .data          0x00000000        0x0 d:/aplicaciones/atmel/avr tools/avr toolchain/bin/../lib/gcc/avr/4.5.1/avr5\libgcc.a(_exit.o)
 .bss           0x00000000        0x0 d:/aplicaciones/atmel/avr tools/avr toolchain/bin/../lib/gcc/avr/4.5.1/avr5\libgcc.a(_exit.o)
 .text.libgcc   0x00000000        0x0 d:/aplicaciones/atmel/avr tools/avr toolchain/bin/../lib/gcc/avr/4.5.1/avr5\libgcc.a(_exit.o)
 .text          0x00000000        0x0 d:/aplicaciones/atmel/avr tools/avr toolchain/bin/../lib/gcc/avr/4.5.1/avr5\libgcc.a(_copy_data.o)
 .data          0x00000000        0x0 d:/aplicaciones/atmel/avr tools/avr toolchain/bin/../lib/gcc/avr/4.5.1/avr5\libgcc.a(_copy_data.o)
 .bss           0x00000000        0x0 d:/aplicaciones/atmel/avr tools/avr toolchain/bin/../lib/gcc/avr/4.5.1/avr5\libgcc.a(_copy_data.o)
 .text.libgcc   0x00000000        0x0 d:/aplicaciones/atmel/avr tools/avr toolchain/bin/../lib/gcc/avr/4.5.1/avr5\libgcc.a(_copy_data.o)
 .text          0x00000000        0x0 d:/aplicaciones/atmel/avr tools/avr toolchain/bin/../lib/gcc/avr/4.5.1/avr5\libgcc.a(_clear_bss.o)
 .data          0x00000000        0x0 d:/aplicaciones/atmel/avr tools/avr toolchain/bin/../lib/gcc/avr/4.5.1/avr5\libgcc.a(_clear_bss.o)
 .bss           0x00000000        0x0 d:/aplicaciones/atmel/avr tools/avr toolchain/bin/../lib/gcc/avr/4.5.1/avr5\libgcc.a(_clear_bss.o)
 .text.libgcc   0x00000000        0x0 d:/aplicaciones/atmel/avr tools/avr toolchain/bin/../lib/gcc/avr/4.5.1/avr5\libgcc.a(_clear_bss.o)

Memory Configuration

Name             Origin             Length             Attributes
text             0x00000000         0x00020000         xr
data             0x00800060         0x0000ffa0         rw !x
eeprom           0x00810000         0x00010000         rw !x
fuse             0x00820000         0x00000400         rw !x
lock             0x00830000         0x00000400         rw !x
signature        0x00840000         0x00000400         rw !x
*default*        0x00000000         0xffffffff

Linker script and memory map

Address of section .data set to 0x800100
LOAD d:/aplicaciones/atmel/avr tools/avr toolchain/bin/../lib/gcc/avr/4.5.1/../../../../avr/lib/avr5/crtm328p.o
LOAD main.o
LOAD Perif/config.o
LOAD Perif/sensors.o
LOAD Perif/UART_sw.o
START GROUP
LOAD d:/aplicaciones/atmel/avr tools/avr toolchain/bin/../lib/gcc/avr/4.5.1/../../../../avr/lib/avr5\libm.a
END GROUP
LOAD d:/aplicaciones/atmel/avr tools/avr toolchain/bin/../lib/gcc/avr/4.5.1/avr5\libgcc.a
LOAD d:/aplicaciones/atmel/avr tools/avr toolchain/bin/../lib/gcc/avr/4.5.1/../../../../avr/lib/avr5\libc.a
LOAD d:/aplicaciones/atmel/avr tools/avr toolchain/bin/../lib/gcc/avr/4.5.1/avr5\libgcc.a

.hash
 *(.hash)

.dynsym
 *(.dynsym)

.dynstr
 *(.dynstr)

.gnu.version
 *(.gnu.version)

.gnu.version_d
 *(.gnu.version_d)

.gnu.version_r
 *(.gnu.version_r)

.rel.init
 *(.rel.init)

.rela.init
 *(.rela.init)

.rel.text
 *(.rel.text)
 *(.rel.text.*)
 *(.rel.gnu.linkonce.t*)

.rela.text
 *(.rela.text)
 *(.rela.text.*)
 *(.rela.gnu.linkonce.t*)

.rel.fini
 *(.rel.fini)

.rela.fini
 *(.rela.fini)

.rel.rodata
 *(.rel.rodata)
 *(.rel.rodata.*)
 *(.rel.gnu.linkonce.r*)

.rela.rodata
 *(.rela.rodata)
 *(.rela.rodata.*)
 *(.rela.gnu.linkonce.r*)

.rel.data
 *(.rel.data)
 *(.rel.data.*)
 *(.rel.gnu.linkonce.d*)

.rela.data
 *(.rela.data)
 *(.rela.data.*)
 *(.rela.gnu.linkonce.d*)

.rel.ctors
 *(.rel.ctors)

.rela.ctors
 *(.rela.ctors)

.rel.dtors
 *(.rel.dtors)

.rela.dtors
 *(.rela.dtors)

.rel.got
 *(.rel.got)

.rela.got
 *(.rela.got)

.rel.bss
 *(.rel.bss)

.rela.bss
 *(.rela.bss)

.rel.plt
 *(.rel.plt)

.rela.plt
 *(.rela.plt)

.text           0x00000000      0x674
 *(.vectors)
 .vectors       0x00000000       0x68 d:/aplicaciones/atmel/avr tools/avr toolchain/bin/../lib/gcc/avr/4.5.1/../../../../avr/lib/avr5/crtm328p.o
                0x00000000                __vector_default
                0x00000000                __vectors
 *(.vectors)
 *(.progmem.gcc*)
 *(.progmem*)
                0x00000068                . = ALIGN (0x2)
                0x00000068                __trampolines_start = .
 *(.trampolines)
 .trampolines   0x00000068        0x0 linker stubs
 *(.trampolines*)
                0x00000068                __trampolines_end = .
 *(.jumptables)
 *(.jumptables*)
 *(.lowtext)
 *(.lowtext*)
                0x00000068                __ctors_start = .
 *(.ctors)
                0x00000068                __ctors_end = .
                0x00000068                __dtors_start = .
 *(.dtors)
                0x00000068                __dtors_end = .
 SORT(*)(.ctors)
 SORT(*)(.dtors)
 *(.init0)
 .init0         0x00000068        0x0 d:/aplicaciones/atmel/avr tools/avr toolchain/bin/../lib/gcc/avr/4.5.1/../../../../avr/lib/avr5/crtm328p.o
                0x00000068                __init
 *(.init0)
 *(.init1)
 *(.init1)
 *(.init2)
 .init2         0x00000068        0xc d:/aplicaciones/atmel/avr tools/avr toolchain/bin/../lib/gcc/avr/4.5.1/../../../../avr/lib/avr5/crtm328p.o
 *(.init2)
 *(.init3)
 *(.init3)
 *(.init4)
 .init4         0x00000074       0x16 d:/aplicaciones/atmel/avr tools/avr toolchain/bin/../lib/gcc/avr/4.5.1/avr5\libgcc.a(_copy_data.o)
                0x00000074                __do_copy_data
 .init4         0x0000008a       0x10 d:/aplicaciones/atmel/avr tools/avr toolchain/bin/../lib/gcc/avr/4.5.1/avr5\libgcc.a(_clear_bss.o)
                0x0000008a                __do_clear_bss
 *(.init4)
 *(.init5)
 *(.init5)
 *(.init6)
 *(.init6)
 *(.init7)
 *(.init7)
 *(.init8)
 *(.init8)
 *(.init9)
 .init9         0x0000009a        0x8 d:/aplicaciones/atmel/avr tools/avr toolchain/bin/../lib/gcc/avr/4.5.1/../../../../avr/lib/avr5/crtm328p.o
 *(.init9)
 *(.text)
 .text          0x000000a2        0x4 d:/aplicaciones/atmel/avr tools/avr toolchain/bin/../lib/gcc/avr/4.5.1/../../../../avr/lib/avr5/crtm328p.o
                0x000000a2                __vector_22
                0x000000a2                __vector_24
                0x000000a2                __vector_12
                0x000000a2                __bad_interrupt
                0x000000a2                __vector_6
                0x000000a2                __vector_23
                0x000000a2                __vector_25
                0x000000a2                __vector_11
                0x000000a2                __vector_13
                0x000000a2                __vector_17
                0x000000a2                __vector_7
                0x000000a2                __vector_4
                0x000000a2                __vector_9
                0x000000a2                __vector_2
                0x000000a2                __vector_21
                0x000000a2                __vector_15
                0x000000a2                __vector_8
                0x000000a2                __vector_10
                0x000000a2                __vector_16
                0x000000a2                __vector_20
                0x000000a6                . = ALIGN (0x2)
 *(.text.*)
 .text.__vector_1
                0x000000a6       0x1e main.o
                0x000000a6                __vector_1
 .text.main     0x000000c4       0x7e main.o
                0x000000c4                main
 .text.button_Init
                0x00000142        0xe Perif/config.o
                0x00000142                button_Init
 .text.led_debug
                0x00000150       0x18 Perif/config.o
                0x00000150                led_debug
 .text.MPswitchMode
                0x00000168       0x4c Perif/sensors.o
                0x00000168                MPswitchMode
 .text.MPgetData
                0x000001b4       0xa6 Perif/sensors.o
                0x000001b4                MPgetData
 .text.uartInit
                0x0000025a       0x70 Perif/UART_sw.o
                0x0000025a                uartInit
 .text.__vector_3
                0x000002ca       0x74 Perif/UART_sw.o
                0x000002ca                __vector_3
 .text.__vector_5
                0x0000033e       0x74 Perif/UART_sw.o
                0x0000033e                __vector_5
 .text.__vector_14
                0x000003b2      0x18c Perif/UART_sw.o
                0x000003b2                __vector_14
 .text.__vector_19
                0x0000053e       0x56 Perif/UART_sw.o
                0x0000053e                __vector_19
 .text.__vector_18
                0x00000594       0x46 Perif/UART_sw.o
                0x00000594                __vector_18
 .text.sendByte0
                0x000005da       0x2a Perif/UART_sw.o
                0x000005da                sendByte0
 .text.receiveUart2
                0x00000604       0x28 Perif/UART_sw.o
                0x00000604                receiveUart2
 .text.sendByte2
                0x0000062c       0x44 Perif/UART_sw.o
                0x0000062c                sendByte2
                0x00000670                . = ALIGN (0x2)
 *(.fini9)
 .fini9         0x00000670        0x0 d:/aplicaciones/atmel/avr tools/avr toolchain/bin/../lib/gcc/avr/4.5.1/avr5\libgcc.a(_exit.o)
                0x00000670                _exit
                0x00000670                exit
 *(.fini9)
 *(.fini8)
 *(.fini8)
 *(.fini7)
 *(.fini7)
 *(.fini6)
 *(.fini6)
 *(.fini5)
 *(.fini5)
 *(.fini4)
 *(.fini4)
 *(.fini3)
 *(.fini3)
 *(.fini2)
 *(.fini2)
 *(.fini1)
 *(.fini1)
 *(.fini0)
 .fini0         0x00000670        0x4 d:/aplicaciones/atmel/avr tools/avr toolchain/bin/../lib/gcc/avr/4.5.1/avr5\libgcc.a(_exit.o)
 *(.fini0)
                0x00000674                _etext = .

.data           0x00800100        0x0 load address 0x00000674
                0x00800100                PROVIDE (__data_start, .)
 *(.data)
 *(.data*)
 *(.rodata)
 *(.rodata*)
 *(.gnu.linkonce.d*)
                0x00800100                . = ALIGN (0x2)
                0x00800100                _edata = .
                0x00800100                PROVIDE (__data_end, .)

.bss            0x00800100       0x36
                0x00800100                PROVIDE (__bss_start, .)
 *(.bss)
 *(.bss*)
 .bss.Rx        0x00800100        0x1 Perif/UART_sw.o
                0x00800100                Rx
 .bss.Tx        0x00800101        0x1 Perif/UART_sw.o
                0x00800101                Tx
 .bss.estado    0x00800102        0x1 Perif/UART_sw.o
 .bss.TxData    0x00800103        0x1 Perif/UART_sw.o
 .bss.TxBitCount
                0x00800104        0x1 Perif/UART_sw.o
 .bss.Rx2Head   0x00800105        0x1 Perif/UART_sw.o
 .bss.Rx2Tail   0x00800106        0x1 Perif/UART_sw.o
 .bss.BufferRx2
                0x00800107        0x8 Perif/UART_sw.o
 .bss.Rx1Head   0x0080010f        0x1 Perif/UART_sw.o
 .bss.Rx1Tail   0x00800110        0x1 Perif/UART_sw.o
 .bss.BufferRx1
                0x00800111        0x8 Perif/UART_sw.o
 .bss.Tx0Head   0x00800119        0x1 Perif/UART_sw.o
 .bss.Tx0Tail   0x0080011a        0x1 Perif/UART_sw.o
 .bss.BufferTx0
                0x0080011b        0x8 Perif/UART_sw.o
 .bss.Rx0Head   0x00800123        0x1 Perif/UART_sw.o
 .bss.Rx0Tail   0x00800124        0x1 Perif/UART_sw.o
 .bss.BufferRx0
                0x00800125        0x8 Perif/UART_sw.o
 .bss.RxData    0x0080012d        0x1 Perif/UART_sw.o
 .bss.RxBitCount
                0x0080012e        0x1 Perif/UART_sw.o
 *(COMMON)
 COMMON         0x0080012f        0x7 main.o
                0x0080012f                DATA_CO
                0x00800131                DATA_MP
                0x00800135                key
                0x00800136                PROVIDE (__bss_end, .)
                0x00000674                __data_load_start = LOADADDR (.data)
                0x00000674                __data_load_end = (__data_load_start + SIZEOF (.data))

.noinit         0x00800136        0x0
                0x00800136                PROVIDE (__noinit_start, .)
 *(.noinit*)
                0x00800136                PROVIDE (__noinit_end, .)
                0x00800136                _end = .
                0x00800136                PROVIDE (__heap_start, .)

.eeprom         0x00810000        0x0
 *(.eeprom*)
                0x00810000                __eeprom_end = .

.fuse
 *(.fuse)
 *(.lfuse)
 *(.hfuse)
 *(.efuse)

.lock
 *(.lock*)

.signature
 *(.signature*)

.stab           0x00000000      0x6cc
 *(.stab)
 .stab          0x00000000      0x6cc d:/aplicaciones/atmel/avr tools/avr toolchain/bin/../lib/gcc/avr/4.5.1/../../../../avr/lib/avr5/crtm328p.o

.stabstr        0x00000000       0x97
 *(.stabstr)
 .stabstr       0x00000000       0x97 d:/aplicaciones/atmel/avr tools/avr toolchain/bin/../lib/gcc/avr/4.5.1/../../../../avr/lib/avr5/crtm328p.o

.stab.excl
 *(.stab.excl)

.stab.exclstr
 *(.stab.exclstr)

.stab.index
 *(.stab.index)

.stab.indexstr
 *(.stab.indexstr)

.comment
 *(.comment)

.debug
 *(.debug)

.line
 *(.line)

.debug_srcinfo
 *(.debug_srcinfo)

.debug_sfnames
 *(.debug_sfnames)

.debug_aranges  0x00000000      0x110
 *(.debug_aranges)
 .debug_aranges
                0x00000000       0x28 main.o
 .debug_aranges
                0x00000028       0x28 Perif/config.o
 .debug_aranges
                0x00000050       0x30 Perif/sensors.o
 .debug_aranges
                0x00000080       0x90 Perif/UART_sw.o

.debug_pubnames
                0x00000000      0x1c2
 *(.debug_pubnames)
 .debug_pubnames
                0x00000000       0x4a main.o
 .debug_pubnames
                0x0000004a       0x30 Perif/config.o
 .debug_pubnames
                0x0000007a       0x40 Perif/sensors.o
 .debug_pubnames
                0x000000ba      0x108 Perif/UART_sw.o

.debug_info     0x00000000      0x8bb
 *(.debug_info)
 .debug_info    0x00000000      0x106 main.o
 .debug_info    0x00000106      0x16b Perif/config.o
 .debug_info    0x00000271      0x1d4 Perif/sensors.o
 .debug_info    0x00000445      0x476 Perif/UART_sw.o
 *(.gnu.linkonce.wi.*)

.debug_abbrev   0x00000000      0x423
 *(.debug_abbrev)
 .debug_abbrev  0x00000000       0xbb main.o
 .debug_abbrev  0x000000bb      0x10a Perif/config.o
 .debug_abbrev  0x000001c5      0x115 Perif/sensors.o
 .debug_abbrev  0x000002da      0x149 Perif/UART_sw.o

.debug_line     0x00000000      0xce6
 *(.debug_line)
 .debug_line    0x00000000      0x186 main.o
 .debug_line    0x00000186      0x1a3 Perif/config.o
 .debug_line    0x00000329      0x21f Perif/sensors.o
 .debug_line    0x00000548      0x79e Perif/UART_sw.o

.debug_frame    0x00000000      0x1a0
 *(.debug_frame)
 .debug_frame   0x00000000       0x30 main.o
 .debug_frame   0x00000030       0x30 Perif/config.o
 .debug_frame   0x00000060       0x40 Perif/sensors.o
 .debug_frame   0x000000a0      0x100 Perif/UART_sw.o

.debug_str      0x00000000      0x357
 *(.debug_str)
 .debug_str     0x00000000       0xbf main.o
                                 0xf3 (size before relaxing)
 .debug_str     0x000000bf       0x85 Perif/config.o
                                0x14c (size before relaxing)
 .debug_str     0x00000144       0x67 Perif/sensors.o
                                0x12e (size before relaxing)
 .debug_str     0x000001ab      0x1ac Perif/UART_sw.o
                                0x274 (size before relaxing)

.debug_loc      0x00000000      0x283
 *(.debug_loc)
 .debug_loc     0x00000000       0xec Perif/sensors.o
 .debug_loc     0x000000ec      0x197 Perif/UART_sw.o

.debug_macinfo
 *(.debug_macinfo)
OUTPUT(v2_CO2_MP.elf elf32-avr)
LOAD linker stubs

.debug_pubtypes
                0x00000000       0xc5
 .debug_pubtypes
                0x00000000       0x2b main.o
 .debug_pubtypes
                0x0000002b       0x38 Perif/config.o
 .debug_pubtypes
                0x00000063       0x2b Perif/sensors.o
 .debug_pubtypes
                0x0000008e       0x37 Perif/UART_sw.o

.debug_ranges   0x00000000       0xd0
 .debug_ranges  0x00000000       0x18 main.o
 .debug_ranges  0x00000018       0x18 Perif/config.o
 .debug_ranges  0x00000030       0x20 Perif/sensors.o
 .debug_ranges  0x00000050       0x80 Perif/UART_sw.o
