Archive member included to satisfy reference by file (symbol)

d:/aplicaciones/atmel/studio/7.0/toolchain/avr8/avr8-gnu-toolchain/bin/../lib/gcc/avr/5.4.0/avr5\libgcc.a(_exit.o)
                              d:/aplicaciones/atmel/studio/7.0/toolchain/avr8/avr8-gnu-toolchain/bin/../lib/gcc/avr/5.4.0/../../../../avr/lib/avr5/crtatmega328p.o (exit)
d:/aplicaciones/atmel/studio/7.0/toolchain/avr8/avr8-gnu-toolchain/bin/../lib/gcc/avr/5.4.0/avr5\libgcc.a(_copy_data.o)
                              Perif/comps.o (__do_copy_data)
d:/aplicaciones/atmel/studio/7.0/toolchain/avr8/avr8-gnu-toolchain/bin/../lib/gcc/avr/5.4.0/avr5\libgcc.a(_clear_bss.o)
                              main.o (__do_clear_bss)
d:/aplicaciones/atmel/studio/7.0/toolchain/avr8/avr8-gnu-toolchain/bin/../lib/gcc/avr/5.4.0/../../../../avr/lib/avr5\libc.a(itoa_ncheck.o)
                              Perif/LCDI2C.o (__itoa_ncheck)
d:/aplicaciones/atmel/studio/7.0/toolchain/avr8/avr8-gnu-toolchain/bin/../lib/gcc/avr/5.4.0/../../../../avr/lib/avr5\libc.a(utoa_ncheck.o)
                              d:/aplicaciones/atmel/studio/7.0/toolchain/avr8/avr8-gnu-toolchain/bin/../lib/gcc/avr/5.4.0/../../../../avr/lib/avr5\libc.a(itoa_ncheck.o) (__utoa_common)
d:/aplicaciones/atmel/studio/7.0/toolchain/avr8/avr8-gnu-toolchain/bin/../lib/gcc/avr/5.4.0/../../../../avr/lib/avr5\libc.a(strrev.o)
                              d:/aplicaciones/atmel/studio/7.0/toolchain/avr8/avr8-gnu-toolchain/bin/../lib/gcc/avr/5.4.0/../../../../avr/lib/avr5\libc.a(utoa_ncheck.o) (strrev)

Allocating common symbols
Common symbol       size              file

conexion_bt         0x1               main.o
time_global         0x2               main.o
time_bt             0x2               main.o
segundosLCD         0x2               Perif/comps.o
bateria             0x2               main.o
time_adc            0x2               main.o
DATA_CO             0x2               main.o
Flag_Ack            0x1               main.o
segundos            0x2               Perif/comps.o
DATA_MP             0x4               main.o
segundosBT          0x2               Perif/comps.o
DATA_CO2            0x2               main.o
time_lcd            0x2               main.o
key                 0x1               main.o
DATA_MP25           0x2               main.o
DATA_MP10           0x2               main.o
contador_BT         0x1               main.o
segundosADC         0x2               Perif/comps.o

Discarded input sections

 .data          0x00000000        0x0 d:/aplicaciones/atmel/studio/7.0/toolchain/avr8/avr8-gnu-toolchain/bin/../lib/gcc/avr/5.4.0/../../../../avr/lib/avr5/crtatmega328p.o
 .bss           0x00000000        0x0 d:/aplicaciones/atmel/studio/7.0/toolchain/avr8/avr8-gnu-toolchain/bin/../lib/gcc/avr/5.4.0/../../../../avr/lib/avr5/crtatmega328p.o
 .text          0x00000000        0x0 main.o
 .data          0x00000000        0x0 main.o
 .bss           0x00000000        0x0 main.o
 .text.Check_BT
                0x00000000       0x56 main.o
 .text          0x00000000        0x0 Perif/ADC.o
 .data          0x00000000        0x0 Perif/ADC.o
 .bss           0x00000000        0x0 Perif/ADC.o
 .bss.ADC_P     0x00000000        0x2 Perif/ADC.o
 .bss.ADC_Value
                0x00000000        0x2 Perif/ADC.o
 .text          0x00000000        0x0 Perif/comps.o
 .data          0x00000000        0x0 Perif/comps.o
 .bss           0x00000000        0x0 Perif/comps.o
 .text.led_debug
                0x00000000       0x18 Perif/comps.o
 .text          0x00000000        0x0 Perif/LCDI2C.o
 .data          0x00000000        0x0 Perif/LCDI2C.o
 .bss           0x00000000        0x0 Perif/LCDI2C.o
 .text.I2C_Receive
                0x00000000       0x16 Perif/LCDI2C.o
 .text          0x00000000        0x0 Perif/RGBLED.o
 .data          0x00000000        0x0 Perif/RGBLED.o
 .bss           0x00000000        0x0 Perif/RGBLED.o
 .text          0x00000000        0x0 Perif/sensors.o
 .data          0x00000000        0x0 Perif/sensors.o
 .bss           0x00000000        0x0 Perif/sensors.o
 .text.COswitchMode
                0x00000000       0x46 Perif/sensors.o
 .text.COgetData
                0x00000000       0xa6 Perif/sensors.o
 .text          0x00000000        0x0 Perif/UART.o
 .data          0x00000000        0x0 Perif/UART.o
 .bss           0x00000000        0x0 Perif/UART.o
 .text.USART_ReceiveIf
                0x00000000       0x26 Perif/UART.o
 .text.USART_putString
                0x00000000       0x1e Perif/UART.o
 .text.USART_putNumber
                0x00000000       0x2e Perif/UART.o
 .text          0x00000000        0x0 d:/aplicaciones/atmel/studio/7.0/toolchain/avr8/avr8-gnu-toolchain/bin/../lib/gcc/avr/5.4.0/avr5\libgcc.a(_exit.o)
 .data          0x00000000        0x0 d:/aplicaciones/atmel/studio/7.0/toolchain/avr8/avr8-gnu-toolchain/bin/../lib/gcc/avr/5.4.0/avr5\libgcc.a(_exit.o)
 .bss           0x00000000        0x0 d:/aplicaciones/atmel/studio/7.0/toolchain/avr8/avr8-gnu-toolchain/bin/../lib/gcc/avr/5.4.0/avr5\libgcc.a(_exit.o)
 .text.libgcc.mul
                0x00000000        0x0 d:/aplicaciones/atmel/studio/7.0/toolchain/avr8/avr8-gnu-toolchain/bin/../lib/gcc/avr/5.4.0/avr5\libgcc.a(_exit.o)
 .text.libgcc.div
                0x00000000        0x0 d:/aplicaciones/atmel/studio/7.0/toolchain/avr8/avr8-gnu-toolchain/bin/../lib/gcc/avr/5.4.0/avr5\libgcc.a(_exit.o)
 .text.libgcc   0x00000000        0x0 d:/aplicaciones/atmel/studio/7.0/toolchain/avr8/avr8-gnu-toolchain/bin/../lib/gcc/avr/5.4.0/avr5\libgcc.a(_exit.o)
 .text.libgcc.prologue
                0x00000000        0x0 d:/aplicaciones/atmel/studio/7.0/toolchain/avr8/avr8-gnu-toolchain/bin/../lib/gcc/avr/5.4.0/avr5\libgcc.a(_exit.o)
 .text.libgcc.builtins
                0x00000000        0x0 d:/aplicaciones/atmel/studio/7.0/toolchain/avr8/avr8-gnu-toolchain/bin/../lib/gcc/avr/5.4.0/avr5\libgcc.a(_exit.o)
 .text.libgcc.fmul
                0x00000000        0x0 d:/aplicaciones/atmel/studio/7.0/toolchain/avr8/avr8-gnu-toolchain/bin/../lib/gcc/avr/5.4.0/avr5\libgcc.a(_exit.o)
 .text.libgcc.fixed
                0x00000000        0x0 d:/aplicaciones/atmel/studio/7.0/toolchain/avr8/avr8-gnu-toolchain/bin/../lib/gcc/avr/5.4.0/avr5\libgcc.a(_exit.o)
 .text          0x00000000        0x0 d:/aplicaciones/atmel/studio/7.0/toolchain/avr8/avr8-gnu-toolchain/bin/../lib/gcc/avr/5.4.0/avr5\libgcc.a(_copy_data.o)
 .data          0x00000000        0x0 d:/aplicaciones/atmel/studio/7.0/toolchain/avr8/avr8-gnu-toolchain/bin/../lib/gcc/avr/5.4.0/avr5\libgcc.a(_copy_data.o)
 .bss           0x00000000        0x0 d:/aplicaciones/atmel/studio/7.0/toolchain/avr8/avr8-gnu-toolchain/bin/../lib/gcc/avr/5.4.0/avr5\libgcc.a(_copy_data.o)
 .text.libgcc.mul
                0x00000000        0x0 d:/aplicaciones/atmel/studio/7.0/toolchain/avr8/avr8-gnu-toolchain/bin/../lib/gcc/avr/5.4.0/avr5\libgcc.a(_copy_data.o)
 .text.libgcc.div
                0x00000000        0x0 d:/aplicaciones/atmel/studio/7.0/toolchain/avr8/avr8-gnu-toolchain/bin/../lib/gcc/avr/5.4.0/avr5\libgcc.a(_copy_data.o)
 .text.libgcc   0x00000000        0x0 d:/aplicaciones/atmel/studio/7.0/toolchain/avr8/avr8-gnu-toolchain/bin/../lib/gcc/avr/5.4.0/avr5\libgcc.a(_copy_data.o)
 .text.libgcc.prologue
                0x00000000        0x0 d:/aplicaciones/atmel/studio/7.0/toolchain/avr8/avr8-gnu-toolchain/bin/../lib/gcc/avr/5.4.0/avr5\libgcc.a(_copy_data.o)
 .text.libgcc.builtins
                0x00000000        0x0 d:/aplicaciones/atmel/studio/7.0/toolchain/avr8/avr8-gnu-toolchain/bin/../lib/gcc/avr/5.4.0/avr5\libgcc.a(_copy_data.o)
 .text.libgcc.fmul
                0x00000000        0x0 d:/aplicaciones/atmel/studio/7.0/toolchain/avr8/avr8-gnu-toolchain/bin/../lib/gcc/avr/5.4.0/avr5\libgcc.a(_copy_data.o)
 .text.libgcc.fixed
                0x00000000        0x0 d:/aplicaciones/atmel/studio/7.0/toolchain/avr8/avr8-gnu-toolchain/bin/../lib/gcc/avr/5.4.0/avr5\libgcc.a(_copy_data.o)
 .text          0x00000000        0x0 d:/aplicaciones/atmel/studio/7.0/toolchain/avr8/avr8-gnu-toolchain/bin/../lib/gcc/avr/5.4.0/avr5\libgcc.a(_clear_bss.o)
 .data          0x00000000        0x0 d:/aplicaciones/atmel/studio/7.0/toolchain/avr8/avr8-gnu-toolchain/bin/../lib/gcc/avr/5.4.0/avr5\libgcc.a(_clear_bss.o)
 .bss           0x00000000        0x0 d:/aplicaciones/atmel/studio/7.0/toolchain/avr8/avr8-gnu-toolchain/bin/../lib/gcc/avr/5.4.0/avr5\libgcc.a(_clear_bss.o)
 .text.libgcc.mul
                0x00000000        0x0 d:/aplicaciones/atmel/studio/7.0/toolchain/avr8/avr8-gnu-toolchain/bin/../lib/gcc/avr/5.4.0/avr5\libgcc.a(_clear_bss.o)
 .text.libgcc.div
                0x00000000        0x0 d:/aplicaciones/atmel/studio/7.0/toolchain/avr8/avr8-gnu-toolchain/bin/../lib/gcc/avr/5.4.0/avr5\libgcc.a(_clear_bss.o)
 .text.libgcc   0x00000000        0x0 d:/aplicaciones/atmel/studio/7.0/toolchain/avr8/avr8-gnu-toolchain/bin/../lib/gcc/avr/5.4.0/avr5\libgcc.a(_clear_bss.o)
 .text.libgcc.prologue
                0x00000000        0x0 d:/aplicaciones/atmel/studio/7.0/toolchain/avr8/avr8-gnu-toolchain/bin/../lib/gcc/avr/5.4.0/avr5\libgcc.a(_clear_bss.o)
 .text.libgcc.builtins
                0x00000000        0x0 d:/aplicaciones/atmel/studio/7.0/toolchain/avr8/avr8-gnu-toolchain/bin/../lib/gcc/avr/5.4.0/avr5\libgcc.a(_clear_bss.o)
 .text.libgcc.fmul
                0x00000000        0x0 d:/aplicaciones/atmel/studio/7.0/toolchain/avr8/avr8-gnu-toolchain/bin/../lib/gcc/avr/5.4.0/avr5\libgcc.a(_clear_bss.o)
 .text.libgcc.fixed
                0x00000000        0x0 d:/aplicaciones/atmel/studio/7.0/toolchain/avr8/avr8-gnu-toolchain/bin/../lib/gcc/avr/5.4.0/avr5\libgcc.a(_clear_bss.o)
 .text          0x00000000        0x0 d:/aplicaciones/atmel/studio/7.0/toolchain/avr8/avr8-gnu-toolchain/bin/../lib/gcc/avr/5.4.0/../../../../avr/lib/avr5\libc.a(itoa_ncheck.o)
 .data          0x00000000        0x0 d:/aplicaciones/atmel/studio/7.0/toolchain/avr8/avr8-gnu-toolchain/bin/../lib/gcc/avr/5.4.0/../../../../avr/lib/avr5\libc.a(itoa_ncheck.o)
 .bss           0x00000000        0x0 d:/aplicaciones/atmel/studio/7.0/toolchain/avr8/avr8-gnu-toolchain/bin/../lib/gcc/avr/5.4.0/../../../../avr/lib/avr5\libc.a(itoa_ncheck.o)
 .text          0x00000000        0x0 d:/aplicaciones/atmel/studio/7.0/toolchain/avr8/avr8-gnu-toolchain/bin/../lib/gcc/avr/5.4.0/../../../../avr/lib/avr5\libc.a(utoa_ncheck.o)
 .data          0x00000000        0x0 d:/aplicaciones/atmel/studio/7.0/toolchain/avr8/avr8-gnu-toolchain/bin/../lib/gcc/avr/5.4.0/../../../../avr/lib/avr5\libc.a(utoa_ncheck.o)
 .bss           0x00000000        0x0 d:/aplicaciones/atmel/studio/7.0/toolchain/avr8/avr8-gnu-toolchain/bin/../lib/gcc/avr/5.4.0/../../../../avr/lib/avr5\libc.a(utoa_ncheck.o)
 .text          0x00000000        0x0 d:/aplicaciones/atmel/studio/7.0/toolchain/avr8/avr8-gnu-toolchain/bin/../lib/gcc/avr/5.4.0/../../../../avr/lib/avr5\libc.a(strrev.o)
 .data          0x00000000        0x0 d:/aplicaciones/atmel/studio/7.0/toolchain/avr8/avr8-gnu-toolchain/bin/../lib/gcc/avr/5.4.0/../../../../avr/lib/avr5\libc.a(strrev.o)
 .bss           0x00000000        0x0 d:/aplicaciones/atmel/studio/7.0/toolchain/avr8/avr8-gnu-toolchain/bin/../lib/gcc/avr/5.4.0/../../../../avr/lib/avr5\libc.a(strrev.o)

Memory Configuration

Name             Origin             Length             Attributes
text             0x00000000         0x00020000         xr
data             0x00800060         0x0000ffa0         rw !x
eeprom           0x00810000         0x00010000         rw !x
fuse             0x00820000         0x00000003         rw !x
lock             0x00830000         0x00000400         rw !x
signature        0x00840000         0x00000400         rw !x
user_signatures  0x00850000         0x00000400         rw !x
*default*        0x00000000         0xffffffff

Linker script and memory map

Address of section .data set to 0x800100
LOAD d:/aplicaciones/atmel/studio/7.0/toolchain/avr8/avr8-gnu-toolchain/bin/../lib/gcc/avr/5.4.0/../../../../avr/lib/avr5/crtatmega328p.o
LOAD main.o
LOAD Perif/ADC.o
LOAD Perif/comps.o
LOAD Perif/LCDI2C.o
LOAD Perif/RGBLED.o
LOAD Perif/sensors.o
LOAD Perif/UART.o
START GROUP
LOAD d:/aplicaciones/atmel/studio/7.0/toolchain/avr8/avr8-gnu-toolchain/bin/../lib/gcc/avr/5.4.0/../../../../avr/lib/avr5\libm.a
END GROUP
START GROUP
LOAD d:/aplicaciones/atmel/studio/7.0/toolchain/avr8/avr8-gnu-toolchain/bin/../lib/gcc/avr/5.4.0/avr5\libgcc.a
LOAD d:/aplicaciones/atmel/studio/7.0/toolchain/avr8/avr8-gnu-toolchain/bin/../lib/gcc/avr/5.4.0/../../../../avr/lib/avr5\libm.a
LOAD d:/aplicaciones/atmel/studio/7.0/toolchain/avr8/avr8-gnu-toolchain/bin/../lib/gcc/avr/5.4.0/../../../../avr/lib/avr5\libc.a
LOAD d:/aplicaciones/atmel/studio/7.0/toolchain/avr8/avr8-gnu-toolchain/bin/../lib/gcc/avr/5.4.0/../../../../avr/lib/avr5\libatmega328p.a
END GROUP
                0x00020000                __TEXT_REGION_LENGTH__ = DEFINED (__TEXT_REGION_LENGTH__)?__TEXT_REGION_LENGTH__:0x20000
                0x0000ffa0                __DATA_REGION_LENGTH__ = DEFINED (__DATA_REGION_LENGTH__)?__DATA_REGION_LENGTH__:0xffa0
                0x00010000                __EEPROM_REGION_LENGTH__ = DEFINED (__EEPROM_REGION_LENGTH__)?__EEPROM_REGION_LENGTH__:0x10000
                [0x00000003]                __FUSE_REGION_LENGTH__ = DEFINED (__FUSE_REGION_LENGTH__)?__FUSE_REGION_LENGTH__:0x400
                0x00000400                __LOCK_REGION_LENGTH__ = DEFINED (__LOCK_REGION_LENGTH__)?__LOCK_REGION_LENGTH__:0x400
                0x00000400                __SIGNATURE_REGION_LENGTH__ = DEFINED (__SIGNATURE_REGION_LENGTH__)?__SIGNATURE_REGION_LENGTH__:0x400
                0x00000400                __USER_SIGNATURE_REGION_LENGTH__ = DEFINED (__USER_SIGNATURE_REGION_LENGTH__)?__USER_SIGNATURE_REGION_LENGTH__:0x400

.hash
 *(.hash)

.dynsym
 *(.dynsym)

.dynstr
 *(.dynstr)

.gnu.version
 *(.gnu.version)

.gnu.version_d
 *(.gnu.version_d)

.gnu.version_r
 *(.gnu.version_r)

.rel.init
 *(.rel.init)

.rela.init
 *(.rela.init)

.rel.text
 *(.rel.text)
 *(.rel.text.*)
 *(.rel.gnu.linkonce.t*)

.rela.text
 *(.rela.text)
 *(.rela.text.*)
 *(.rela.gnu.linkonce.t*)

.rel.fini
 *(.rel.fini)

.rela.fini
 *(.rela.fini)

.rel.rodata
 *(.rel.rodata)
 *(.rel.rodata.*)
 *(.rel.gnu.linkonce.r*)

.rela.rodata
 *(.rela.rodata)
 *(.rela.rodata.*)
 *(.rela.gnu.linkonce.r*)

.rel.data
 *(.rel.data)
 *(.rel.data.*)
 *(.rel.gnu.linkonce.d*)

.rela.data
 *(.rela.data)
 *(.rela.data.*)
 *(.rela.gnu.linkonce.d*)

.rel.ctors
 *(.rel.ctors)

.rela.ctors
 *(.rela.ctors)

.rel.dtors
 *(.rel.dtors)

.rela.dtors
 *(.rela.dtors)

.rel.got
 *(.rel.got)

.rela.got
 *(.rela.got)

.rel.bss
 *(.rel.bss)

.rela.bss
 *(.rela.bss)

.rel.plt
 *(.rel.plt)

.rela.plt
 *(.rela.plt)

.text           0x00000000      0xbb6
 *(.vectors)
 .vectors       0x00000000       0x68 d:/aplicaciones/atmel/studio/7.0/toolchain/avr8/avr8-gnu-toolchain/bin/../lib/gcc/avr/5.4.0/../../../../avr/lib/avr5/crtatmega328p.o
                0x00000000                __vector_default
                0x00000000                __vectors
 *(.vectors)
 *(.progmem.gcc*)
                0x00000068                . = ALIGN (0x2)
                0x00000068                __trampolines_start = .
 *(.trampolines)
 .trampolines   0x00000068        0x0 linker stubs
 *(.trampolines*)
                0x00000068                __trampolines_end = .
 *libprintf_flt.a:*(.progmem.data)
 *libc.a:*(.progmem.data)
 *(.progmem*)
                0x00000068                . = ALIGN (0x2)
 *(.jumptables)
 *(.jumptables*)
 *(.lowtext)
 *(.lowtext*)
                0x00000068                __ctors_start = .
 *(.ctors)
                0x00000068                __ctors_end = .
                0x00000068                __dtors_start = .
 *(.dtors)
                0x00000068                __dtors_end = .
 SORT(*)(.ctors)
 SORT(*)(.dtors)
 *(.init0)
 .init0         0x00000068        0x0 d:/aplicaciones/atmel/studio/7.0/toolchain/avr8/avr8-gnu-toolchain/bin/../lib/gcc/avr/5.4.0/../../../../avr/lib/avr5/crtatmega328p.o
                0x00000068                __init
 *(.init0)
 *(.init1)
 *(.init1)
 *(.init2)
 .init2         0x00000068        0xc d:/aplicaciones/atmel/studio/7.0/toolchain/avr8/avr8-gnu-toolchain/bin/../lib/gcc/avr/5.4.0/../../../../avr/lib/avr5/crtatmega328p.o
 *(.init2)
 *(.init3)
 *(.init3)
 *(.init4)
 .init4         0x00000074       0x16 d:/aplicaciones/atmel/studio/7.0/toolchain/avr8/avr8-gnu-toolchain/bin/../lib/gcc/avr/5.4.0/avr5\libgcc.a(_copy_data.o)
                0x00000074                __do_copy_data
 .init4         0x0000008a       0x10 d:/aplicaciones/atmel/studio/7.0/toolchain/avr8/avr8-gnu-toolchain/bin/../lib/gcc/avr/5.4.0/avr5\libgcc.a(_clear_bss.o)
                0x0000008a                __do_clear_bss
 *(.init4)
 *(.init5)
 *(.init5)
 *(.init6)
 *(.init6)
 *(.init7)
 *(.init7)
 *(.init8)
 *(.init8)
 *(.init9)
 .init9         0x0000009a        0x8 d:/aplicaciones/atmel/studio/7.0/toolchain/avr8/avr8-gnu-toolchain/bin/../lib/gcc/avr/5.4.0/../../../../avr/lib/avr5/crtatmega328p.o
 *(.init9)
 *(.text)
 .text          0x000000a2        0x4 d:/aplicaciones/atmel/studio/7.0/toolchain/avr8/avr8-gnu-toolchain/bin/../lib/gcc/avr/5.4.0/../../../../avr/lib/avr5/crtatmega328p.o
                0x000000a2                __vector_22
                0x000000a2                __vector_24
                0x000000a2                __vector_12
                0x000000a2                __bad_interrupt
                0x000000a2                __vector_6
                0x000000a2                __vector_3
                0x000000a2                __vector_23
                0x000000a2                __vector_25
                0x000000a2                __vector_13
                0x000000a2                __vector_17
                0x000000a2                __vector_7
                0x000000a2                __vector_5
                0x000000a2                __vector_4
                0x000000a2                __vector_9
                0x000000a2                __vector_2
                0x000000a2                __vector_15
                0x000000a2                __vector_8
                0x000000a2                __vector_14
                0x000000a2                __vector_10
                0x000000a2                __vector_16
                0x000000a2                __vector_20
                0x000000a6                . = ALIGN (0x2)
 *(.text.*)
 .text.__vector_1
                0x000000a6       0x1e main.o
                0x000000a6                __vector_1
 .text.main     0x000000c4      0x202 main.o
                0x000000c4                main
 .text.ADC_Init
                0x000002c6       0x16 Perif/ADC.o
                0x000002c6                ADC_Init
 .text.ADC_Start
                0x000002dc       0x12 Perif/ADC.o
                0x000002dc                ADC_Start
 .text.__vector_21
                0x000002ee       0x4a Perif/ADC.o
                0x000002ee                __vector_21
 .text.ADC_GetValue
                0x00000338       0x2c Perif/ADC.o
                0x00000338                ADC_GetValue
 .text.button_Init
                0x00000364        0xe Perif/comps.o
                0x00000364                button_Init
 .text.Mux_Channel
                0x00000372       0x20 Perif/comps.o
                0x00000372                Mux_Channel
 .text.Timer_Init
                0x00000392       0x28 Perif/comps.o
                0x00000392                Timer_Init
 .text.setTime  0x000003ba       0x38 Perif/comps.o
                0x000003ba                setTime
 .text.getTime  0x000003f2       0x3e Perif/comps.o
                0x000003f2                getTime
 .text.__vector_11
                0x00000430       0x64 Perif/comps.o
                0x00000430                __vector_11
 .text.LCD_MensajeInicial
                0x00000494       0x6a Perif/comps.o
                0x00000494                LCD_MensajeInicial
 .text.LCD_MensajeTiempo
                0x000004fe       0x66 Perif/comps.o
                0x000004fe                LCD_MensajeTiempo
 .text.LCD_MensajePrincipal
                0x00000564      0x104 Perif/comps.o
                0x00000564                LCD_MensajePrincipal
 .text.LCD_MensajeConexion
                0x00000668       0x34 Perif/comps.o
                0x00000668                LCD_MensajeConexion
 .text.I2C_Init
                0x0000069c       0x12 Perif/LCDI2C.o
                0x0000069c                I2C_Init
 .text.I2C_Start
                0x000006ae       0x26 Perif/LCDI2C.o
                0x000006ae                I2C_Start
 .text.I2C_Stop
                0x000006d4        0xc Perif/LCDI2C.o
                0x000006d4                I2C_Stop
 .text.I2C_Transmit
                0x000006e0       0x16 Perif/LCDI2C.o
                0x000006e0                I2C_Transmit
 .text.sendCMD  0x000006f6       0x58 Perif/LCDI2C.o
                0x000006f6                sendCMD
 .text.LCD_Init
                0x0000074e       0x20 Perif/LCDI2C.o
                0x0000074e                LCD_Init
 .text.LCD_GotoXY
                0x0000076e       0x1c Perif/LCDI2C.o
                0x0000076e                LCD_GotoXY
 .text.sendData
                0x0000078a       0x58 Perif/LCDI2C.o
                0x0000078a                sendData
 .text.LCD_String
                0x000007e2       0x1e Perif/LCDI2C.o
                0x000007e2                LCD_String
 .text.LCD_Number
                0x00000800       0x2e Perif/LCDI2C.o
                0x00000800                LCD_Number
 .text.RGBLed_Init
                0x0000082e        0xe Perif/RGBLED.o
                0x0000082e                RGBLed_Init
 .text.RGBLed_Color
                0x0000083c       0x40 Perif/RGBLED.o
                0x0000083c                RGBLed_Color
 .text.RGBLed_Blink
                0x0000087c       0x38 Perif/RGBLED.o
                0x0000087c                RGBLed_Blink
 .text.CO2getData
                0x000008b4       0xa0 Perif/sensors.o
                0x000008b4                CO2getData
 .text.MPswitchMode
                0x00000954       0x48 Perif/sensors.o
                0x00000954                MPswitchMode
 .text.MPgetData
                0x0000099c       0xa8 Perif/sensors.o
                0x0000099c                MPgetData
 .text.USART_Init
                0x00000a44       0x2c Perif/UART.o
                0x00000a44                USART_Init
 .text.__vector_18
                0x00000a70       0x38 Perif/UART.o
                0x00000a70                __vector_18
 .text.__vector_19
                0x00000aa8       0x54 Perif/UART.o
                0x00000aa8                __vector_19
 .text.USART_Receive
                0x00000afc       0x22 Perif/UART.o
                0x00000afc                USART_Receive
 .text.USART_Transmit
                0x00000b1e       0x2a Perif/UART.o
                0x00000b1e                USART_Transmit
 .text.avr-libc
                0x00000b48       0x16 d:/aplicaciones/atmel/studio/7.0/toolchain/avr8/avr8-gnu-toolchain/bin/../lib/gcc/avr/5.4.0/../../../../avr/lib/avr5\libc.a(itoa_ncheck.o)
                0x00000b48                __itoa_ncheck
 .text.avr-libc
                0x00000b5e       0x34 d:/aplicaciones/atmel/studio/7.0/toolchain/avr8/avr8-gnu-toolchain/bin/../lib/gcc/avr/5.4.0/../../../../avr/lib/avr5\libc.a(utoa_ncheck.o)
                0x00000b5e                __utoa_ncheck
                0x00000b60                __utoa_common
 .text.avr-libc
                0x00000b92       0x20 d:/aplicaciones/atmel/studio/7.0/toolchain/avr8/avr8-gnu-toolchain/bin/../lib/gcc/avr/5.4.0/../../../../avr/lib/avr5\libc.a(strrev.o)
                0x00000b92                strrev
                0x00000bb2                . = ALIGN (0x2)
 *(.fini9)
 .fini9         0x00000bb2        0x0 d:/aplicaciones/atmel/studio/7.0/toolchain/avr8/avr8-gnu-toolchain/bin/../lib/gcc/avr/5.4.0/avr5\libgcc.a(_exit.o)
                0x00000bb2                _exit
                0x00000bb2                exit
 *(.fini9)
 *(.fini8)
 *(.fini8)
 *(.fini7)
 *(.fini7)
 *(.fini6)
 *(.fini6)
 *(.fini5)
 *(.fini5)
 *(.fini4)
 *(.fini4)
 *(.fini3)
 *(.fini3)
 *(.fini2)
 *(.fini2)
 *(.fini1)
 *(.fini1)
 *(.fini0)
 .fini0         0x00000bb2        0x4 d:/aplicaciones/atmel/studio/7.0/toolchain/avr8/avr8-gnu-toolchain/bin/../lib/gcc/avr/5.4.0/avr5\libgcc.a(_exit.o)
 *(.fini0)
                0x00000bb6                _etext = .

.data           0x00800100       0xe4 load address 0x00000bb6
                0x00800100                PROVIDE (__data_start, .)
 *(.data)
 *(.data*)
 *(.gnu.linkonce.d*)
 *(.rodata)
 .rodata        0x00800100        0x9 Perif/sensors.o
 *(.rodata*)
 .rodata.str1.1
                0x00800109       0xdb Perif/comps.o
                                 0xe6 (size before relaxing)
 *(.gnu.linkonce.r*)
                0x008001e4                . = ALIGN (0x2)
                0x008001e4                _edata = .
                0x008001e4                PROVIDE (__data_end, .)

.bss            0x008001e4       0x49
                0x008001e4                PROVIDE (__bss_start, .)
 *(.bss)
 *(.bss*)
 .bss.ADC_Tail  0x008001e4        0x1 Perif/ADC.o
 .bss.ADC_Head  0x008001e5        0x1 Perif/ADC.o
 .bss.ADC_Buffer
                0x008001e6       0x10 Perif/ADC.o
 .bss.ADC_status
                0x008001f6        0x1 Perif/ADC.o
 .bss.USART_TxTail
                0x008001f7        0x1 Perif/UART.o
 .bss.USART_TxHead
                0x008001f8        0x1 Perif/UART.o
 .bss.USART_TxBuf
                0x008001f9        0x8 Perif/UART.o
 .bss.USART_RxTail
                0x00800201        0x1 Perif/UART.o
 .bss.USART_RxHead
                0x00800202        0x1 Perif/UART.o
 .bss.USART_RxBuf
                0x00800203        0x8 Perif/UART.o
 *(COMMON)
 COMMON         0x0080020b       0x1a main.o
                0x0080020b                conexion_bt
                0x0080020c                time_global
                0x0080020e                time_bt
                0x00800210                bateria
                0x00800212                time_adc
                0x00800214                DATA_CO
                0x00800216                Flag_Ack
                0x00800217                DATA_MP
                0x0080021b                DATA_CO2
                0x0080021d                time_lcd
                0x0080021f                key
                0x00800220                DATA_MP25
                0x00800222                DATA_MP10
                0x00800224                contador_BT
 COMMON         0x00800225        0x8 Perif/comps.o
                0x00800225                segundosLCD
                0x00800227                segundos
                0x00800229                segundosBT
                0x0080022b                segundosADC
                0x0080022d                PROVIDE (__bss_end, .)
                0x00000bb6                __data_load_start = LOADADDR (.data)
                0x00000c9a                __data_load_end = (__data_load_start + SIZEOF (.data))

.noinit         0x0080022d        0x0
                [!provide]                PROVIDE (__noinit_start, .)
 *(.noinit*)
                [!provide]                PROVIDE (__noinit_end, .)
                0x0080022d                _end = .
                [!provide]                PROVIDE (__heap_start, .)

.eeprom         0x00810000        0x0
 *(.eeprom*)
                0x00810000                __eeprom_end = .

.fuse
 *(.fuse)
 *(.lfuse)
 *(.hfuse)
 *(.efuse)

.lock
 *(.lock*)

.signature
 *(.signature*)

.user_signatures
 *(.user_signatures*)

.stab
 *(.stab)

.stabstr
 *(.stabstr)

.stab.excl
 *(.stab.excl)

.stab.exclstr
 *(.stab.exclstr)

.stab.index
 *(.stab.index)

.stab.indexstr
 *(.stab.indexstr)

.comment        0x00000000       0x30
 *(.comment)
 .comment       0x00000000       0x30 main.o
                                 0x31 (size before relaxing)
 .comment       0x00000030       0x31 Perif/ADC.o
 .comment       0x00000030       0x31 Perif/comps.o
 .comment       0x00000030       0x31 Perif/LCDI2C.o
 .comment       0x00000030       0x31 Perif/RGBLED.o
 .comment       0x00000030       0x31 Perif/sensors.o
 .comment       0x00000030       0x31 Perif/UART.o

.note.gnu.avr.deviceinfo
                0x00000000       0x40
 .note.gnu.avr.deviceinfo
                0x00000000       0x40 d:/aplicaciones/atmel/studio/7.0/toolchain/avr8/avr8-gnu-toolchain/bin/../lib/gcc/avr/5.4.0/../../../../avr/lib/avr5/crtatmega328p.o

.note.gnu.build-id
 *(.note.gnu.build-id)

.debug
 *(.debug)

.line
 *(.line)

.debug_srcinfo
 *(.debug_srcinfo)

.debug_sfnames
 *(.debug_sfnames)

.debug_aranges  0x00000000      0x210
 *(.debug_aranges)
 .debug_aranges
                0x00000000       0x30 main.o
 .debug_aranges
                0x00000030       0x38 Perif/ADC.o
 .debug_aranges
                0x00000068       0x70 Perif/comps.o
 .debug_aranges
                0x000000d8       0x70 Perif/LCDI2C.o
 .debug_aranges
                0x00000148       0x30 Perif/RGBLED.o
 .debug_aranges
                0x00000178       0x40 Perif/sensors.o
 .debug_aranges
                0x000001b8       0x58 Perif/UART.o

.debug_pubnames
 *(.debug_pubnames)

.debug_info     0x00000000     0x2666
 *(.debug_info .gnu.linkonce.wi.*)
 .debug_info    0x00000000      0x5f4 d:/aplicaciones/atmel/studio/7.0/toolchain/avr8/avr8-gnu-toolchain/bin/../lib/gcc/avr/5.4.0/../../../../avr/lib/avr5/crtatmega328p.o
 .debug_info    0x000005f4      0x595 main.o
 .debug_info    0x00000b89      0x1bb Perif/ADC.o
 .debug_info    0x00000d44      0x901 Perif/comps.o
 .debug_info    0x00001645      0x519 Perif/LCDI2C.o
 .debug_info    0x00001b5e      0x1b4 Perif/RGBLED.o
 .debug_info    0x00001d12      0x5c2 Perif/sensors.o
 .debug_info    0x000022d4      0x392 Perif/UART.o

.debug_abbrev   0x00000000      0xf3c
 *(.debug_abbrev)
 .debug_abbrev  0x00000000      0x5a2 d:/aplicaciones/atmel/studio/7.0/toolchain/avr8/avr8-gnu-toolchain/bin/../lib/gcc/avr/5.4.0/../../../../avr/lib/avr5/crtatmega328p.o
 .debug_abbrev  0x000005a2      0x103 main.o
 .debug_abbrev  0x000006a5       0xd6 Perif/ADC.o
 .debug_abbrev  0x0000077b      0x1eb Perif/comps.o
 .debug_abbrev  0x00000966      0x1c2 Perif/LCDI2C.o
 .debug_abbrev  0x00000b28      0x12f Perif/RGBLED.o
 .debug_abbrev  0x00000c57      0x14e Perif/sensors.o
 .debug_abbrev  0x00000da5      0x197 Perif/UART.o

.debug_line     0x00000000     0x11c4
 *(.debug_line .debug_line.* .debug_line_end)
 .debug_line    0x00000000       0x1a d:/aplicaciones/atmel/studio/7.0/toolchain/avr8/avr8-gnu-toolchain/bin/../lib/gcc/avr/5.4.0/../../../../avr/lib/avr5/crtatmega328p.o
 .debug_line    0x0000001a      0x2ef main.o
 .debug_line    0x00000309      0x130 Perif/ADC.o
 .debug_line    0x00000439      0x454 Perif/comps.o
 .debug_line    0x0000088d      0x2ad Perif/LCDI2C.o
 .debug_line    0x00000b3a      0x1d6 Perif/RGBLED.o
 .debug_line    0x00000d10      0x289 Perif/sensors.o
 .debug_line    0x00000f99      0x22b Perif/UART.o

.debug_frame    0x00000000      0x514
 *(.debug_frame)
 .debug_frame   0x00000000       0x54 main.o
 .debug_frame   0x00000054       0x74 Perif/ADC.o
 .debug_frame   0x000000c8      0x11c Perif/comps.o
 .debug_frame   0x000001e4      0x100 Perif/LCDI2C.o
 .debug_frame   0x000002e4       0x50 Perif/RGBLED.o
 .debug_frame   0x00000334       0xf4 Perif/sensors.o
 .debug_frame   0x00000428       0xec Perif/UART.o

.debug_str      0x00000000      0x865
 *(.debug_str)
 .debug_str     0x00000000      0x208 d:/aplicaciones/atmel/studio/7.0/toolchain/avr8/avr8-gnu-toolchain/bin/../lib/gcc/avr/5.4.0/../../../../avr/lib/avr5/crtatmega328p.o
 .debug_str     0x00000208      0x30c main.o
                                0x345 (size before relaxing)
 .debug_str     0x00000514       0x7f Perif/ADC.o
                                0x21e (size before relaxing)
 .debug_str     0x00000593      0x10f Perif/comps.o
                                0x306 (size before relaxing)
 .debug_str     0x000006a2       0x8a Perif/LCDI2C.o
                                0x24e (size before relaxing)
 .debug_str     0x0000072c       0x21 Perif/RGBLED.o
                                0x1fa (size before relaxing)
 .debug_str     0x0000074d       0x71 Perif/sensors.o
                                0x238 (size before relaxing)
 .debug_str     0x000007be       0xa7 Perif/UART.o
                                0x2a1 (size before relaxing)

.debug_loc      0x00000000     0x12a7
 *(.debug_loc)
 .debug_loc     0x00000000       0x65 main.o
 .debug_loc     0x00000065       0xbf Perif/ADC.o
 .debug_loc     0x00000124      0x572 Perif/comps.o
 .debug_loc     0x00000696      0x412 Perif/LCDI2C.o
 .debug_loc     0x00000aa8      0x11f Perif/RGBLED.o
 .debug_loc     0x00000bc7      0x407 Perif/sensors.o
 .debug_loc     0x00000fce      0x2d9 Perif/UART.o

.debug_macinfo
 *(.debug_macinfo)

.debug_weaknames
 *(.debug_weaknames)

.debug_funcnames
 *(.debug_funcnames)

.debug_typenames
 *(.debug_typenames)

.debug_varnames
 *(.debug_varnames)

.debug_pubtypes
 *(.debug_pubtypes)

.debug_ranges   0x00000000      0x1a0
 *(.debug_ranges)
 .debug_ranges  0x00000000       0x20 main.o
 .debug_ranges  0x00000020       0x28 Perif/ADC.o
 .debug_ranges  0x00000048       0x60 Perif/comps.o
 .debug_ranges  0x000000a8       0x60 Perif/LCDI2C.o
 .debug_ranges  0x00000108       0x20 Perif/RGBLED.o
 .debug_ranges  0x00000128       0x30 Perif/sensors.o
 .debug_ranges  0x00000158       0x48 Perif/UART.o

.debug_macro
 *(.debug_macro)
OUTPUT(v4_CO2_MP_BT_MUX_ADC.elf elf32-avr)
LOAD linker stubs
