Archive member included to satisfy reference by file (symbol)

c:/program files (x86)/atmel/studio/7.0/toolchain/avr8/avr8-gnu-toolchain/bin/../lib/gcc/avr/5.4.0/avr5\libgcc.a(_exit.o)
                              C:/Program Files (x86)/Atmel/Studio/7.0/Packs/atmel/ATmega_DFP/1.2.132/gcc/dev/atmega328p/avr5/crtatmega328p.o (exit)
c:/program files (x86)/atmel/studio/7.0/toolchain/avr8/avr8-gnu-toolchain/bin/../lib/gcc/avr/5.4.0/avr5\libgcc.a(_copy_data.o)
                              Perif/comps.o (__do_copy_data)
c:/program files (x86)/atmel/studio/7.0/toolchain/avr8/avr8-gnu-toolchain/bin/../lib/gcc/avr/5.4.0/avr5\libgcc.a(_clear_bss.o)
                              main.o (__do_clear_bss)
c:/program files (x86)/atmel/studio/7.0/toolchain/avr8/avr8-gnu-toolchain/bin/../lib/gcc/avr/5.4.0/../../../../avr/lib/avr5\libc.a(itoa_ncheck.o)
                              Perif/LCDI2C.o (__itoa_ncheck)
c:/program files (x86)/atmel/studio/7.0/toolchain/avr8/avr8-gnu-toolchain/bin/../lib/gcc/avr/5.4.0/../../../../avr/lib/avr5\libc.a(utoa_ncheck.o)
                              c:/program files (x86)/atmel/studio/7.0/toolchain/avr8/avr8-gnu-toolchain/bin/../lib/gcc/avr/5.4.0/../../../../avr/lib/avr5\libc.a(itoa_ncheck.o) (__utoa_common)
c:/program files (x86)/atmel/studio/7.0/toolchain/avr8/avr8-gnu-toolchain/bin/../lib/gcc/avr/5.4.0/../../../../avr/lib/avr5\libc.a(strrev.o)
                              c:/program files (x86)/atmel/studio/7.0/toolchain/avr8/avr8-gnu-toolchain/bin/../lib/gcc/avr/5.4.0/../../../../avr/lib/avr5\libc.a(utoa_ncheck.o) (strrev)

Allocating common symbols
Common symbol       size              file

conexion_bt         0x1               main.o
time_global         0x2               main.o
time_bt             0x2               main.o
segundosLCD         0x2               Perif/comps.o
bateria             0x2               main.o
time_adc            0x2               main.o
DATA_CO             0x2               main.o
Flag_Ack            0x1               main.o
segundos            0x2               Perif/comps.o
DATA_MP             0x4               main.o
segundosBT          0x2               Perif/comps.o
DATA_CO2            0x2               main.o
time_lcd            0x2               main.o
key                 0x1               main.o
DATA_MP25           0x2               main.o
DATA_MP10           0x2               main.o
segundosADC         0x2               Perif/comps.o

Discarded input sections

 .data          0x00000000        0x0 C:/Program Files (x86)/Atmel/Studio/7.0/Packs/atmel/ATmega_DFP/1.2.132/gcc/dev/atmega328p/avr5/crtatmega328p.o
 .bss           0x00000000        0x0 C:/Program Files (x86)/Atmel/Studio/7.0/Packs/atmel/ATmega_DFP/1.2.132/gcc/dev/atmega328p/avr5/crtatmega328p.o
 .text          0x00000000        0x0 main.o
 .data          0x00000000        0x0 main.o
 .bss           0x00000000        0x0 main.o
 .text          0x00000000        0x0 Perif/ADC.o
 .data          0x00000000        0x0 Perif/ADC.o
 .bss           0x00000000        0x0 Perif/ADC.o
 .bss.ADC_P     0x00000000        0x2 Perif/ADC.o
 .bss.ADC_Value
                0x00000000        0x2 Perif/ADC.o
 .text          0x00000000        0x0 Perif/comps.o
 .data          0x00000000        0x0 Perif/comps.o
 .bss           0x00000000        0x0 Perif/comps.o
 .text.led_debug
                0x00000000       0x18 Perif/comps.o
 .text          0x00000000        0x0 Perif/LCDI2C.o
 .data          0x00000000        0x0 Perif/LCDI2C.o
 .bss           0x00000000        0x0 Perif/LCDI2C.o
 .text.I2C_Receive
                0x00000000       0x16 Perif/LCDI2C.o
 .text          0x00000000        0x0 Perif/RGBLED.o
 .data          0x00000000        0x0 Perif/RGBLED.o
 .bss           0x00000000        0x0 Perif/RGBLED.o
 .text.RGBLed_Blink
                0x00000000       0x32 Perif/RGBLED.o
 .text          0x00000000        0x0 Perif/sensors.o
 .data          0x00000000        0x0 Perif/sensors.o
 .bss           0x00000000        0x0 Perif/sensors.o
 .text.COswitchMode
                0x00000000       0x46 Perif/sensors.o
 .text.COgetData
                0x00000000       0xa6 Perif/sensors.o
 .text          0x00000000        0x0 Perif/UART.o
 .data          0x00000000        0x0 Perif/UART.o
 .bss           0x00000000        0x0 Perif/UART.o
 .text.USART_putString
                0x00000000       0x1e Perif/UART.o
 .text.USART_putNumber
                0x00000000       0x2e Perif/UART.o
 .text          0x00000000        0x0 c:/program files (x86)/atmel/studio/7.0/toolchain/avr8/avr8-gnu-toolchain/bin/../lib/gcc/avr/5.4.0/avr5\libgcc.a(_exit.o)
 .data          0x00000000        0x0 c:/program files (x86)/atmel/studio/7.0/toolchain/avr8/avr8-gnu-toolchain/bin/../lib/gcc/avr/5.4.0/avr5\libgcc.a(_exit.o)
 .bss           0x00000000        0x0 c:/program files (x86)/atmel/studio/7.0/toolchain/avr8/avr8-gnu-toolchain/bin/../lib/gcc/avr/5.4.0/avr5\libgcc.a(_exit.o)
 .text.libgcc.mul
                0x00000000        0x0 c:/program files (x86)/atmel/studio/7.0/toolchain/avr8/avr8-gnu-toolchain/bin/../lib/gcc/avr/5.4.0/avr5\libgcc.a(_exit.o)
 .text.libgcc.div
                0x00000000        0x0 c:/program files (x86)/atmel/studio/7.0/toolchain/avr8/avr8-gnu-toolchain/bin/../lib/gcc/avr/5.4.0/avr5\libgcc.a(_exit.o)
 .text.libgcc   0x00000000        0x0 c:/program files (x86)/atmel/studio/7.0/toolchain/avr8/avr8-gnu-toolchain/bin/../lib/gcc/avr/5.4.0/avr5\libgcc.a(_exit.o)
 .text.libgcc.prologue
                0x00000000        0x0 c:/program files (x86)/atmel/studio/7.0/toolchain/avr8/avr8-gnu-toolchain/bin/../lib/gcc/avr/5.4.0/avr5\libgcc.a(_exit.o)
 .text.libgcc.builtins
                0x00000000        0x0 c:/program files (x86)/atmel/studio/7.0/toolchain/avr8/avr8-gnu-toolchain/bin/../lib/gcc/avr/5.4.0/avr5\libgcc.a(_exit.o)
 .text.libgcc.fmul
                0x00000000        0x0 c:/program files (x86)/atmel/studio/7.0/toolchain/avr8/avr8-gnu-toolchain/bin/../lib/gcc/avr/5.4.0/avr5\libgcc.a(_exit.o)
 .text.libgcc.fixed
                0x00000000        0x0 c:/program files (x86)/atmel/studio/7.0/toolchain/avr8/avr8-gnu-toolchain/bin/../lib/gcc/avr/5.4.0/avr5\libgcc.a(_exit.o)
 .text          0x00000000        0x0 c:/program files (x86)/atmel/studio/7.0/toolchain/avr8/avr8-gnu-toolchain/bin/../lib/gcc/avr/5.4.0/avr5\libgcc.a(_copy_data.o)
 .data          0x00000000        0x0 c:/program files (x86)/atmel/studio/7.0/toolchain/avr8/avr8-gnu-toolchain/bin/../lib/gcc/avr/5.4.0/avr5\libgcc.a(_copy_data.o)
 .bss           0x00000000        0x0 c:/program files (x86)/atmel/studio/7.0/toolchain/avr8/avr8-gnu-toolchain/bin/../lib/gcc/avr/5.4.0/avr5\libgcc.a(_copy_data.o)
 .text.libgcc.mul
                0x00000000        0x0 c:/program files (x86)/atmel/studio/7.0/toolchain/avr8/avr8-gnu-toolchain/bin/../lib/gcc/avr/5.4.0/avr5\libgcc.a(_copy_data.o)
 .text.libgcc.div
                0x00000000        0x0 c:/program files (x86)/atmel/studio/7.0/toolchain/avr8/avr8-gnu-toolchain/bin/../lib/gcc/avr/5.4.0/avr5\libgcc.a(_copy_data.o)
 .text.libgcc   0x00000000        0x0 c:/program files (x86)/atmel/studio/7.0/toolchain/avr8/avr8-gnu-toolchain/bin/../lib/gcc/avr/5.4.0/avr5\libgcc.a(_copy_data.o)
 .text.libgcc.prologue
                0x00000000        0x0 c:/program files (x86)/atmel/studio/7.0/toolchain/avr8/avr8-gnu-toolchain/bin/../lib/gcc/avr/5.4.0/avr5\libgcc.a(_copy_data.o)
 .text.libgcc.builtins
                0x00000000        0x0 c:/program files (x86)/atmel/studio/7.0/toolchain/avr8/avr8-gnu-toolchain/bin/../lib/gcc/avr/5.4.0/avr5\libgcc.a(_copy_data.o)
 .text.libgcc.fmul
                0x00000000        0x0 c:/program files (x86)/atmel/studio/7.0/toolchain/avr8/avr8-gnu-toolchain/bin/../lib/gcc/avr/5.4.0/avr5\libgcc.a(_copy_data.o)
 .text.libgcc.fixed
                0x00000000        0x0 c:/program files (x86)/atmel/studio/7.0/toolchain/avr8/avr8-gnu-toolchain/bin/../lib/gcc/avr/5.4.0/avr5\libgcc.a(_copy_data.o)
 .text          0x00000000        0x0 c:/program files (x86)/atmel/studio/7.0/toolchain/avr8/avr8-gnu-toolchain/bin/../lib/gcc/avr/5.4.0/avr5\libgcc.a(_clear_bss.o)
 .data          0x00000000        0x0 c:/program files (x86)/atmel/studio/7.0/toolchain/avr8/avr8-gnu-toolchain/bin/../lib/gcc/avr/5.4.0/avr5\libgcc.a(_clear_bss.o)
 .bss           0x00000000        0x0 c:/program files (x86)/atmel/studio/7.0/toolchain/avr8/avr8-gnu-toolchain/bin/../lib/gcc/avr/5.4.0/avr5\libgcc.a(_clear_bss.o)
 .text.libgcc.mul
                0x00000000        0x0 c:/program files (x86)/atmel/studio/7.0/toolchain/avr8/avr8-gnu-toolchain/bin/../lib/gcc/avr/5.4.0/avr5\libgcc.a(_clear_bss.o)
 .text.libgcc.div
                0x00000000        0x0 c:/program files (x86)/atmel/studio/7.0/toolchain/avr8/avr8-gnu-toolchain/bin/../lib/gcc/avr/5.4.0/avr5\libgcc.a(_clear_bss.o)
 .text.libgcc   0x00000000        0x0 c:/program files (x86)/atmel/studio/7.0/toolchain/avr8/avr8-gnu-toolchain/bin/../lib/gcc/avr/5.4.0/avr5\libgcc.a(_clear_bss.o)
 .text.libgcc.prologue
                0x00000000        0x0 c:/program files (x86)/atmel/studio/7.0/toolchain/avr8/avr8-gnu-toolchain/bin/../lib/gcc/avr/5.4.0/avr5\libgcc.a(_clear_bss.o)
 .text.libgcc.builtins
                0x00000000        0x0 c:/program files (x86)/atmel/studio/7.0/toolchain/avr8/avr8-gnu-toolchain/bin/../lib/gcc/avr/5.4.0/avr5\libgcc.a(_clear_bss.o)
 .text.libgcc.fmul
                0x00000000        0x0 c:/program files (x86)/atmel/studio/7.0/toolchain/avr8/avr8-gnu-toolchain/bin/../lib/gcc/avr/5.4.0/avr5\libgcc.a(_clear_bss.o)
 .text.libgcc.fixed
                0x00000000        0x0 c:/program files (x86)/atmel/studio/7.0/toolchain/avr8/avr8-gnu-toolchain/bin/../lib/gcc/avr/5.4.0/avr5\libgcc.a(_clear_bss.o)
 .text          0x00000000        0x0 c:/program files (x86)/atmel/studio/7.0/toolchain/avr8/avr8-gnu-toolchain/bin/../lib/gcc/avr/5.4.0/../../../../avr/lib/avr5\libc.a(itoa_ncheck.o)
 .data          0x00000000        0x0 c:/program files (x86)/atmel/studio/7.0/toolchain/avr8/avr8-gnu-toolchain/bin/../lib/gcc/avr/5.4.0/../../../../avr/lib/avr5\libc.a(itoa_ncheck.o)
 .bss           0x00000000        0x0 c:/program files (x86)/atmel/studio/7.0/toolchain/avr8/avr8-gnu-toolchain/bin/../lib/gcc/avr/5.4.0/../../../../avr/lib/avr5\libc.a(itoa_ncheck.o)
 .text          0x00000000        0x0 c:/program files (x86)/atmel/studio/7.0/toolchain/avr8/avr8-gnu-toolchain/bin/../lib/gcc/avr/5.4.0/../../../../avr/lib/avr5\libc.a(utoa_ncheck.o)
 .data          0x00000000        0x0 c:/program files (x86)/atmel/studio/7.0/toolchain/avr8/avr8-gnu-toolchain/bin/../lib/gcc/avr/5.4.0/../../../../avr/lib/avr5\libc.a(utoa_ncheck.o)
 .bss           0x00000000        0x0 c:/program files (x86)/atmel/studio/7.0/toolchain/avr8/avr8-gnu-toolchain/bin/../lib/gcc/avr/5.4.0/../../../../avr/lib/avr5\libc.a(utoa_ncheck.o)
 .text          0x00000000        0x0 c:/program files (x86)/atmel/studio/7.0/toolchain/avr8/avr8-gnu-toolchain/bin/../lib/gcc/avr/5.4.0/../../../../avr/lib/avr5\libc.a(strrev.o)
 .data          0x00000000        0x0 c:/program files (x86)/atmel/studio/7.0/toolchain/avr8/avr8-gnu-toolchain/bin/../lib/gcc/avr/5.4.0/../../../../avr/lib/avr5\libc.a(strrev.o)
 .bss           0x00000000        0x0 c:/program files (x86)/atmel/studio/7.0/toolchain/avr8/avr8-gnu-toolchain/bin/../lib/gcc/avr/5.4.0/../../../../avr/lib/avr5\libc.a(strrev.o)

Memory Configuration

Name             Origin             Length             Attributes
text             0x00000000         0x00020000         xr
data             0x00800060         0x0000ffa0         rw !x
eeprom           0x00810000         0x00010000         rw !x
fuse             0x00820000         0x00000003         rw !x
lock             0x00830000         0x00000400         rw !x
signature        0x00840000         0x00000400         rw !x
user_signatures  0x00850000         0x00000400         rw !x
*default*        0x00000000         0xffffffff

Linker script and memory map

Address of section .data set to 0x800100
LOAD C:/Program Files (x86)/Atmel/Studio/7.0/Packs/atmel/ATmega_DFP/1.2.132/gcc/dev/atmega328p/avr5/crtatmega328p.o
LOAD main.o
LOAD Perif/ADC.o
LOAD Perif/comps.o
LOAD Perif/LCDI2C.o
LOAD Perif/RGBLED.o
LOAD Perif/sensors.o
LOAD Perif/UART.o
START GROUP
LOAD c:/program files (x86)/atmel/studio/7.0/toolchain/avr8/avr8-gnu-toolchain/bin/../lib/gcc/avr/5.4.0/../../../../avr/lib/avr5\libm.a
END GROUP
START GROUP
LOAD c:/program files (x86)/atmel/studio/7.0/toolchain/avr8/avr8-gnu-toolchain/bin/../lib/gcc/avr/5.4.0/avr5\libgcc.a
LOAD c:/program files (x86)/atmel/studio/7.0/toolchain/avr8/avr8-gnu-toolchain/bin/../lib/gcc/avr/5.4.0/../../../../avr/lib/avr5\libm.a
LOAD c:/program files (x86)/atmel/studio/7.0/toolchain/avr8/avr8-gnu-toolchain/bin/../lib/gcc/avr/5.4.0/../../../../avr/lib/avr5\libc.a
LOAD C:/Program Files (x86)/Atmel/Studio/7.0/Packs/atmel/ATmega_DFP/1.2.132/gcc/dev/atmega328p/avr5\libatmega328p.a
END GROUP
                0x00020000                __TEXT_REGION_LENGTH__ = DEFINED (__TEXT_REGION_LENGTH__)?__TEXT_REGION_LENGTH__:0x20000
                0x0000ffa0                __DATA_REGION_LENGTH__ = DEFINED (__DATA_REGION_LENGTH__)?__DATA_REGION_LENGTH__:0xffa0
                0x00010000                __EEPROM_REGION_LENGTH__ = DEFINED (__EEPROM_REGION_LENGTH__)?__EEPROM_REGION_LENGTH__:0x10000
                [0x00000003]                __FUSE_REGION_LENGTH__ = DEFINED (__FUSE_REGION_LENGTH__)?__FUSE_REGION_LENGTH__:0x400
                0x00000400                __LOCK_REGION_LENGTH__ = DEFINED (__LOCK_REGION_LENGTH__)?__LOCK_REGION_LENGTH__:0x400
                0x00000400                __SIGNATURE_REGION_LENGTH__ = DEFINED (__SIGNATURE_REGION_LENGTH__)?__SIGNATURE_REGION_LENGTH__:0x400
                0x00000400                __USER_SIGNATURE_REGION_LENGTH__ = DEFINED (__USER_SIGNATURE_REGION_LENGTH__)?__USER_SIGNATURE_REGION_LENGTH__:0x400

.hash
 *(.hash)

.dynsym
 *(.dynsym)

.dynstr
 *(.dynstr)

.gnu.version
 *(.gnu.version)

.gnu.version_d
 *(.gnu.version_d)

.gnu.version_r
 *(.gnu.version_r)

.rel.init
 *(.rel.init)

.rela.init
 *(.rela.init)

.rel.text
 *(.rel.text)
 *(.rel.text.*)
 *(.rel.gnu.linkonce.t*)

.rela.text
 *(.rela.text)
 *(.rela.text.*)
 *(.rela.gnu.linkonce.t*)

.rel.fini
 *(.rel.fini)

.rela.fini
 *(.rela.fini)

.rel.rodata
 *(.rel.rodata)
 *(.rel.rodata.*)
 *(.rel.gnu.linkonce.r*)

.rela.rodata
 *(.rela.rodata)
 *(.rela.rodata.*)
 *(.rela.gnu.linkonce.r*)

.rel.data
 *(.rel.data)
 *(.rel.data.*)
 *(.rel.gnu.linkonce.d*)

.rela.data
 *(.rela.data)
 *(.rela.data.*)
 *(.rela.gnu.linkonce.d*)

.rel.ctors
 *(.rel.ctors)

.rela.ctors
 *(.rela.ctors)

.rel.dtors
 *(.rel.dtors)

.rela.dtors
 *(.rela.dtors)

.rel.got
 *(.rel.got)

.rela.got
 *(.rela.got)

.rel.bss
 *(.rel.bss)

.rela.bss
 *(.rela.bss)

.rel.plt
 *(.rel.plt)

.rela.plt
 *(.rela.plt)

.text           0x00000000      0xb48
 *(.vectors)
 .vectors       0x00000000       0x68 C:/Program Files (x86)/Atmel/Studio/7.0/Packs/atmel/ATmega_DFP/1.2.132/gcc/dev/atmega328p/avr5/crtatmega328p.o
                0x00000000                __vector_default
                0x00000000                __vectors
 *(.vectors)
 *(.progmem.gcc*)
                0x00000068                . = ALIGN (0x2)
                0x00000068                __trampolines_start = .
 *(.trampolines)
 .trampolines   0x00000068        0x0 linker stubs
 *(.trampolines*)
                0x00000068                __trampolines_end = .
 *libprintf_flt.a:*(.progmem.data)
 *libc.a:*(.progmem.data)
 *(.progmem*)
                0x00000068                . = ALIGN (0x2)
 *(.jumptables)
 *(.jumptables*)
 *(.lowtext)
 *(.lowtext*)
                0x00000068                __ctors_start = .
 *(.ctors)
                0x00000068                __ctors_end = .
                0x00000068                __dtors_start = .
 *(.dtors)
                0x00000068                __dtors_end = .
 SORT(*)(.ctors)
 SORT(*)(.dtors)
 *(.init0)
 .init0         0x00000068        0x0 C:/Program Files (x86)/Atmel/Studio/7.0/Packs/atmel/ATmega_DFP/1.2.132/gcc/dev/atmega328p/avr5/crtatmega328p.o
                0x00000068                __init
 *(.init0)
 *(.init1)
 *(.init1)
 *(.init2)
 .init2         0x00000068        0xc C:/Program Files (x86)/Atmel/Studio/7.0/Packs/atmel/ATmega_DFP/1.2.132/gcc/dev/atmega328p/avr5/crtatmega328p.o
 *(.init2)
 *(.init3)
 *(.init3)
 *(.init4)
 .init4         0x00000074       0x16 c:/program files (x86)/atmel/studio/7.0/toolchain/avr8/avr8-gnu-toolchain/bin/../lib/gcc/avr/5.4.0/avr5\libgcc.a(_copy_data.o)
                0x00000074                __do_copy_data
 .init4         0x0000008a       0x10 c:/program files (x86)/atmel/studio/7.0/toolchain/avr8/avr8-gnu-toolchain/bin/../lib/gcc/avr/5.4.0/avr5\libgcc.a(_clear_bss.o)
                0x0000008a                __do_clear_bss
 *(.init4)
 *(.init5)
 *(.init5)
 *(.init6)
 *(.init6)
 *(.init7)
 *(.init7)
 *(.init8)
 *(.init8)
 *(.init9)
 .init9         0x0000009a        0x8 C:/Program Files (x86)/Atmel/Studio/7.0/Packs/atmel/ATmega_DFP/1.2.132/gcc/dev/atmega328p/avr5/crtatmega328p.o
 *(.init9)
 *(.text)
 .text          0x000000a2        0x4 C:/Program Files (x86)/Atmel/Studio/7.0/Packs/atmel/ATmega_DFP/1.2.132/gcc/dev/atmega328p/avr5/crtatmega328p.o
                0x000000a2                __vector_22
                0x000000a2                __vector_24
                0x000000a2                __vector_12
                0x000000a2                __bad_interrupt
                0x000000a2                __vector_6
                0x000000a2                __vector_3
                0x000000a2                __vector_23
                0x000000a2                __vector_25
                0x000000a2                __vector_13
                0x000000a2                __vector_17
                0x000000a2                __vector_7
                0x000000a2                __vector_5
                0x000000a2                __vector_4
                0x000000a2                __vector_9
                0x000000a2                __vector_2
                0x000000a2                __vector_15
                0x000000a2                __vector_8
                0x000000a2                __vector_14
                0x000000a2                __vector_10
                0x000000a2                __vector_16
                0x000000a2                __vector_20
                0x000000a6                . = ALIGN (0x2)
 *(.text.*)
 .text.__vector_1
                0x000000a6       0x1e main.o
                0x000000a6                __vector_1
 .text.main     0x000000c4      0x1aa main.o
                0x000000c4                main
 .text.ADC_Init
                0x0000026e       0x16 Perif/ADC.o
                0x0000026e                ADC_Init
 .text.ADC_Start
                0x00000284       0x12 Perif/ADC.o
                0x00000284                ADC_Start
 .text.__vector_21
                0x00000296       0x4a Perif/ADC.o
                0x00000296                __vector_21
 .text.ADC_GetValue
                0x000002e0       0x2c Perif/ADC.o
                0x000002e0                ADC_GetValue
 .text.button_Init
                0x0000030c        0xe Perif/comps.o
                0x0000030c                button_Init
 .text.Mux_Channel
                0x0000031a       0x20 Perif/comps.o
                0x0000031a                Mux_Channel
 .text.Timer_Init
                0x0000033a       0x28 Perif/comps.o
                0x0000033a                Timer_Init
 .text.setTime  0x00000362       0x38 Perif/comps.o
                0x00000362                setTime
 .text.getTime  0x0000039a       0x3e Perif/comps.o
                0x0000039a                getTime
 .text.__vector_11
                0x000003d8       0x64 Perif/comps.o
                0x000003d8                __vector_11
 .text.LCD_MensajeInicial
                0x0000043c       0x6a Perif/comps.o
                0x0000043c                LCD_MensajeInicial
 .text.LCD_MensajeTiempo
                0x000004a6       0x66 Perif/comps.o
                0x000004a6                LCD_MensajeTiempo
 .text.LCD_MensajePrincipal
                0x0000050c      0x104 Perif/comps.o
                0x0000050c                LCD_MensajePrincipal
 .text.LCD_MensajeConexion
                0x00000610       0x56 Perif/comps.o
                0x00000610                LCD_MensajeConexion
 .text.I2C_Init
                0x00000666       0x12 Perif/LCDI2C.o
                0x00000666                I2C_Init
 .text.I2C_Start
                0x00000678       0x26 Perif/LCDI2C.o
                0x00000678                I2C_Start
 .text.I2C_Stop
                0x0000069e        0xc Perif/LCDI2C.o
                0x0000069e                I2C_Stop
 .text.I2C_Transmit
                0x000006aa       0x16 Perif/LCDI2C.o
                0x000006aa                I2C_Transmit
 .text.sendCMD  0x000006c0       0x58 Perif/LCDI2C.o
                0x000006c0                sendCMD
 .text.LCD_Init
                0x00000718       0x20 Perif/LCDI2C.o
                0x00000718                LCD_Init
 .text.LCD_GotoXY
                0x00000738       0x1c Perif/LCDI2C.o
                0x00000738                LCD_GotoXY
 .text.sendData
                0x00000754       0x58 Perif/LCDI2C.o
                0x00000754                sendData
 .text.LCD_String
                0x000007ac       0x1e Perif/LCDI2C.o
                0x000007ac                LCD_String
 .text.LCD_Number
                0x000007ca       0x2e Perif/LCDI2C.o
                0x000007ca                LCD_Number
 .text.RGBLed_Init
                0x000007f8        0xe Perif/RGBLED.o
                0x000007f8                RGBLed_Init
 .text.RGBLed_Color
                0x00000806       0x40 Perif/RGBLED.o
                0x00000806                RGBLed_Color
 .text.CO2getData
                0x00000846       0xa0 Perif/sensors.o
                0x00000846                CO2getData
 .text.MPswitchMode
                0x000008e6       0x48 Perif/sensors.o
                0x000008e6                MPswitchMode
 .text.MPgetData
                0x0000092e       0xa8 Perif/sensors.o
                0x0000092e                MPgetData
 .text.USART_Init
                0x000009d6       0x2c Perif/UART.o
                0x000009d6                USART_Init
 .text.__vector_18
                0x00000a02       0x38 Perif/UART.o
                0x00000a02                __vector_18
 .text.__vector_19
                0x00000a3a       0x54 Perif/UART.o
                0x00000a3a                __vector_19
 .text.USART_Receive
                0x00000a8e       0x22 Perif/UART.o
                0x00000a8e                USART_Receive
 .text.USART_Transmit
                0x00000ab0       0x2a Perif/UART.o
                0x00000ab0                USART_Transmit
 .text.avr-libc
                0x00000ada       0x16 c:/program files (x86)/atmel/studio/7.0/toolchain/avr8/avr8-gnu-toolchain/bin/../lib/gcc/avr/5.4.0/../../../../avr/lib/avr5\libc.a(itoa_ncheck.o)
                0x00000ada                __itoa_ncheck
 .text.avr-libc
                0x00000af0       0x34 c:/program files (x86)/atmel/studio/7.0/toolchain/avr8/avr8-gnu-toolchain/bin/../lib/gcc/avr/5.4.0/../../../../avr/lib/avr5\libc.a(utoa_ncheck.o)
                0x00000af0                __utoa_ncheck
                0x00000af2                __utoa_common
 .text.avr-libc
                0x00000b24       0x20 c:/program files (x86)/atmel/studio/7.0/toolchain/avr8/avr8-gnu-toolchain/bin/../lib/gcc/avr/5.4.0/../../../../avr/lib/avr5\libc.a(strrev.o)
                0x00000b24                strrev
                0x00000b44                . = ALIGN (0x2)
 *(.fini9)
 .fini9         0x00000b44        0x0 c:/program files (x86)/atmel/studio/7.0/toolchain/avr8/avr8-gnu-toolchain/bin/../lib/gcc/avr/5.4.0/avr5\libgcc.a(_exit.o)
                0x00000b44                _exit
                0x00000b44                exit
 *(.fini9)
 *(.fini8)
 *(.fini8)
 *(.fini7)
 *(.fini7)
 *(.fini6)
 *(.fini6)
 *(.fini5)
 *(.fini5)
 *(.fini4)
 *(.fini4)
 *(.fini3)
 *(.fini3)
 *(.fini2)
 *(.fini2)
 *(.fini1)
 *(.fini1)
 *(.fini0)
 .fini0         0x00000b44        0x4 c:/program files (x86)/atmel/studio/7.0/toolchain/avr8/avr8-gnu-toolchain/bin/../lib/gcc/avr/5.4.0/avr5\libgcc.a(_exit.o)
 *(.fini0)
                0x00000b48                _etext = .

.data           0x00800100       0xf6 load address 0x00000b48
                0x00800100                PROVIDE (__data_start, .)
 *(.data)
 *(.data*)
 *(.rodata)
 .rodata        0x00800100        0x9 Perif/sensors.o
 *(.rodata*)
 .rodata.str1.1
                0x00800109       0xec Perif/comps.o
                                 0xf7 (size before relaxing)
 *(.gnu.linkonce.d*)
                0x008001f6                . = ALIGN (0x2)
 *fill*         0x008001f5        0x1 
                0x008001f6                _edata = .
                0x008001f6                PROVIDE (__data_end, .)

.bss            0x008001f6       0x48
                0x008001f6                PROVIDE (__bss_start, .)
 *(.bss)
 *(.bss*)
 .bss.ADC_Tail  0x008001f6        0x1 Perif/ADC.o
 .bss.ADC_Head  0x008001f7        0x1 Perif/ADC.o
 .bss.ADC_Buffer
                0x008001f8       0x10 Perif/ADC.o
 .bss.ADC_status
                0x00800208        0x1 Perif/ADC.o
 .bss.USART_TxTail
                0x00800209        0x1 Perif/UART.o
 .bss.USART_TxHead
                0x0080020a        0x1 Perif/UART.o
 .bss.USART_TxBuf
                0x0080020b        0x8 Perif/UART.o
 .bss.USART_RxTail
                0x00800213        0x1 Perif/UART.o
 .bss.USART_RxHead
                0x00800214        0x1 Perif/UART.o
 .bss.USART_RxBuf
                0x00800215        0x8 Perif/UART.o
 *(COMMON)
 COMMON         0x0080021d       0x19 main.o
                0x0080021d                conexion_bt
                0x0080021e                time_global
                0x00800220                time_bt
                0x00800222                bateria
                0x00800224                time_adc
                0x00800226                DATA_CO
                0x00800228                Flag_Ack
                0x00800229                DATA_MP
                0x0080022d                DATA_CO2
                0x0080022f                time_lcd
                0x00800231                key
                0x00800232                DATA_MP25
                0x00800234                DATA_MP10
 COMMON         0x00800236        0x8 Perif/comps.o
                0x00800236                segundosLCD
                0x00800238                segundos
                0x0080023a                segundosBT
                0x0080023c                segundosADC
                0x0080023e                PROVIDE (__bss_end, .)
                0x00000b48                __data_load_start = LOADADDR (.data)
                0x00000c3e                __data_load_end = (__data_load_start + SIZEOF (.data))

.noinit         0x0080023e        0x0
                [!provide]                PROVIDE (__noinit_start, .)
 *(.noinit*)
                [!provide]                PROVIDE (__noinit_end, .)
                0x0080023e                _end = .
                [!provide]                PROVIDE (__heap_start, .)

.eeprom         0x00810000        0x0
 *(.eeprom*)
                0x00810000                __eeprom_end = .

.fuse
 *(.fuse)
 *(.lfuse)
 *(.hfuse)
 *(.efuse)

.lock
 *(.lock*)

.signature
 *(.signature*)

.user_signatures
 *(.user_signatures*)

.stab
 *(.stab)

.stabstr
 *(.stabstr)

.stab.excl
 *(.stab.excl)

.stab.exclstr
 *(.stab.exclstr)

.stab.index
 *(.stab.index)

.stab.indexstr
 *(.stab.indexstr)

.comment        0x00000000       0x30
 *(.comment)
 .comment       0x00000000       0x30 main.o
                                 0x31 (size before relaxing)
 .comment       0x00000030       0x31 Perif/ADC.o
 .comment       0x00000030       0x31 Perif/comps.o
 .comment       0x00000030       0x31 Perif/LCDI2C.o
 .comment       0x00000030       0x31 Perif/RGBLED.o
 .comment       0x00000030       0x31 Perif/sensors.o
 .comment       0x00000030       0x31 Perif/UART.o

.note.gnu.avr.deviceinfo
                0x00000000       0x40
 .note.gnu.avr.deviceinfo
                0x00000000       0x40 C:/Program Files (x86)/Atmel/Studio/7.0/Packs/atmel/ATmega_DFP/1.2.132/gcc/dev/atmega328p/avr5/crtatmega328p.o

.note.gnu.build-id
 *(.note.gnu.build-id)

.debug
 *(.debug)

.line
 *(.line)

.debug_srcinfo
 *(.debug_srcinfo)

.debug_sfnames
 *(.debug_sfnames)

.debug_aranges  0x00000000      0x200
 *(.debug_aranges)
 .debug_aranges
                0x00000000       0x28 main.o
 .debug_aranges
                0x00000028       0x38 Perif/ADC.o
 .debug_aranges
                0x00000060       0x70 Perif/comps.o
 .debug_aranges
                0x000000d0       0x70 Perif/LCDI2C.o
 .debug_aranges
                0x00000140       0x30 Perif/RGBLED.o
 .debug_aranges
                0x00000170       0x40 Perif/sensors.o
 .debug_aranges
                0x000001b0       0x50 Perif/UART.o

.debug_pubnames
 *(.debug_pubnames)

.debug_info     0x00000000     0x25ac
 *(.debug_info .gnu.linkonce.wi.*)
 .debug_info    0x00000000      0x5f4 C:/Program Files (x86)/Atmel/Studio/7.0/Packs/atmel/ATmega_DFP/1.2.132/gcc/dev/atmega328p/avr5/crtatmega328p.o
 .debug_info    0x000005f4      0x4e2 main.o
 .debug_info    0x00000ad6      0x1bb Perif/ADC.o
 .debug_info    0x00000c91      0x961 Perif/comps.o
 .debug_info    0x000015f2      0x519 Perif/LCDI2C.o
 .debug_info    0x00001b0b      0x17b Perif/RGBLED.o
 .debug_info    0x00001c86      0x5c2 Perif/sensors.o
 .debug_info    0x00002248      0x364 Perif/UART.o

.debug_abbrev   0x00000000      0xeed
 *(.debug_abbrev)
 .debug_abbrev  0x00000000      0x5a2 C:/Program Files (x86)/Atmel/Studio/7.0/Packs/atmel/ATmega_DFP/1.2.132/gcc/dev/atmega328p/avr5/crtatmega328p.o
 .debug_abbrev  0x000005a2       0xda main.o
 .debug_abbrev  0x0000067c       0xd6 Perif/ADC.o
 .debug_abbrev  0x00000752      0x1eb Perif/comps.o
 .debug_abbrev  0x0000093d      0x1c2 Perif/LCDI2C.o
 .debug_abbrev  0x00000aff      0x109 Perif/RGBLED.o
 .debug_abbrev  0x00000c08      0x14e Perif/sensors.o
 .debug_abbrev  0x00000d56      0x197 Perif/UART.o

.debug_line     0x00000000     0x1230
 *(.debug_line .debug_line.* .debug_line_end)
 .debug_line    0x00000000      0x133 C:/Program Files (x86)/Atmel/Studio/7.0/Packs/atmel/ATmega_DFP/1.2.132/gcc/dev/atmega328p/avr5/crtatmega328p.o
 .debug_line    0x00000133      0x24f main.o
 .debug_line    0x00000382      0x137 Perif/ADC.o
 .debug_line    0x000004b9      0x481 Perif/comps.o
 .debug_line    0x0000093a      0x2b4 Perif/LCDI2C.o
 .debug_line    0x00000bee      0x1b5 Perif/RGBLED.o
 .debug_line    0x00000da3      0x290 Perif/sensors.o
 .debug_line    0x00001033      0x1fd Perif/UART.o

.debug_frame    0x00000000      0x4e8
 *(.debug_frame)
 .debug_frame   0x00000000       0x44 main.o
 .debug_frame   0x00000044       0x74 Perif/ADC.o
 .debug_frame   0x000000b8      0x11c Perif/comps.o
 .debug_frame   0x000001d4      0x100 Perif/LCDI2C.o
 .debug_frame   0x000002d4       0x44 Perif/RGBLED.o
 .debug_frame   0x00000318       0xf4 Perif/sensors.o
 .debug_frame   0x0000040c       0xdc Perif/UART.o

.debug_str      0x00000000      0x824
 *(.debug_str)
 .debug_str     0x00000000      0x208 C:/Program Files (x86)/Atmel/Studio/7.0/Packs/atmel/ATmega_DFP/1.2.132/gcc/dev/atmega328p/avr5/crtatmega328p.o
 .debug_str     0x00000208      0x2c2 main.o
                                0x2f6 (size before relaxing)
 .debug_str     0x000004ca       0x84 Perif/ADC.o
                                0x206 (size before relaxing)
 .debug_str     0x0000054e      0x10f Perif/comps.o
                                0x2ee (size before relaxing)
 .debug_str     0x0000065d       0x8a Perif/LCDI2C.o
                                0x236 (size before relaxing)
 .debug_str     0x000006e7       0x25 Perif/RGBLED.o
                                0x1d9 (size before relaxing)
 .debug_str     0x0000070c       0x71 Perif/sensors.o
                                0x220 (size before relaxing)
 .debug_str     0x0000077d       0xa7 Perif/UART.o
                                0x279 (size before relaxing)

.debug_loc      0x00000000     0x11e6
 *(.debug_loc)
 .debug_loc     0x00000000       0x3c main.o
 .debug_loc     0x0000003c       0xbf Perif/ADC.o
 .debug_loc     0x000000fb      0x58b Perif/comps.o
 .debug_loc     0x00000686      0x412 Perif/LCDI2C.o
 .debug_loc     0x00000a98       0x90 Perif/RGBLED.o
 .debug_loc     0x00000b28      0x407 Perif/sensors.o
 .debug_loc     0x00000f2f      0x2b7 Perif/UART.o

.debug_macinfo
 *(.debug_macinfo)

.debug_weaknames
 *(.debug_weaknames)

.debug_funcnames
 *(.debug_funcnames)

.debug_typenames
 *(.debug_typenames)

.debug_varnames
 *(.debug_varnames)

.debug_pubtypes
 *(.debug_pubtypes)

.debug_ranges   0x00000000      0x190
 *(.debug_ranges)
 .debug_ranges  0x00000000       0x18 main.o
 .debug_ranges  0x00000018       0x28 Perif/ADC.o
 .debug_ranges  0x00000040       0x60 Perif/comps.o
 .debug_ranges  0x000000a0       0x60 Perif/LCDI2C.o
 .debug_ranges  0x00000100       0x20 Perif/RGBLED.o
 .debug_ranges  0x00000120       0x30 Perif/sensors.o
 .debug_ranges  0x00000150       0x40 Perif/UART.o

.debug_macro
 *(.debug_macro)
OUTPUT(v4_CO2_MP_BT_MUX_ADC.elf elf32-avr)
LOAD linker stubs
